Archive member included to satisfy reference by file (symbol)

d:/devkitpro/devkita64/bin/../lib/gcc/aarch64-none-elf/8.3.0/../../../../aarch64-none-elf/lib/pic\libm.a(lib_a-s_atan.o)
                              moon.o (atan)
d:/devkitpro/devkita64/bin/../lib/gcc/aarch64-none-elf/8.3.0/../../../../aarch64-none-elf/lib/pic\libm.a(lib_a-s_cos.o)
                              moon.o (cos)
d:/devkitpro/devkita64/bin/../lib/gcc/aarch64-none-elf/8.3.0/../../../../aarch64-none-elf/lib/pic\libm.a(lib_a-s_fabs.o)
                              d:/devkitpro/devkita64/bin/../lib/gcc/aarch64-none-elf/8.3.0/../../../../aarch64-none-elf/lib/pic\libm.a(lib_a-s_atan.o) (fabs)
d:/devkitpro/devkita64/bin/../lib/gcc/aarch64-none-elf/8.3.0/../../../../aarch64-none-elf/lib/pic\libm.a(lib_a-s_sin.o)
                              moon.o (sin)
d:/devkitpro/devkita64/bin/../lib/gcc/aarch64-none-elf/8.3.0/../../../../aarch64-none-elf/lib/pic\libm.a(lib_a-s_tan.o)
                              moon.o (tan)
d:/devkitpro/devkita64/bin/../lib/gcc/aarch64-none-elf/8.3.0/../../../../aarch64-none-elf/lib/pic\libm.a(lib_a-e_rem_pio2.o)
                              d:/devkitpro/devkita64/bin/../lib/gcc/aarch64-none-elf/8.3.0/../../../../aarch64-none-elf/lib/pic\libm.a(lib_a-s_cos.o) (__ieee754_rem_pio2)
d:/devkitpro/devkita64/bin/../lib/gcc/aarch64-none-elf/8.3.0/../../../../aarch64-none-elf/lib/pic\libm.a(lib_a-k_cos.o)
                              d:/devkitpro/devkita64/bin/../lib/gcc/aarch64-none-elf/8.3.0/../../../../aarch64-none-elf/lib/pic\libm.a(lib_a-s_cos.o) (__kernel_cos)
d:/devkitpro/devkita64/bin/../lib/gcc/aarch64-none-elf/8.3.0/../../../../aarch64-none-elf/lib/pic\libm.a(lib_a-k_rem_pio2.o)
                              d:/devkitpro/devkita64/bin/../lib/gcc/aarch64-none-elf/8.3.0/../../../../aarch64-none-elf/lib/pic\libm.a(lib_a-e_rem_pio2.o) (__kernel_rem_pio2)
d:/devkitpro/devkita64/bin/../lib/gcc/aarch64-none-elf/8.3.0/../../../../aarch64-none-elf/lib/pic\libm.a(lib_a-k_sin.o)
                              d:/devkitpro/devkita64/bin/../lib/gcc/aarch64-none-elf/8.3.0/../../../../aarch64-none-elf/lib/pic\libm.a(lib_a-s_cos.o) (__kernel_sin)
d:/devkitpro/devkita64/bin/../lib/gcc/aarch64-none-elf/8.3.0/../../../../aarch64-none-elf/lib/pic\libm.a(lib_a-k_tan.o)
                              d:/devkitpro/devkita64/bin/../lib/gcc/aarch64-none-elf/8.3.0/../../../../aarch64-none-elf/lib/pic\libm.a(lib_a-s_tan.o) (__kernel_tan)
d:/devkitpro/devkita64/bin/../lib/gcc/aarch64-none-elf/8.3.0/../../../../aarch64-none-elf/lib/pic\libm.a(lib_a-s_floor.o)
                              d:/devkitpro/devkita64/bin/../lib/gcc/aarch64-none-elf/8.3.0/../../../../aarch64-none-elf/lib/pic\libm.a(lib_a-k_rem_pio2.o) (floor)
d:/devkitpro/devkita64/bin/../lib/gcc/aarch64-none-elf/8.3.0/../../../../aarch64-none-elf/lib/pic\libm.a(lib_a-s_scalbn.o)
                              d:/devkitpro/devkita64/bin/../lib/gcc/aarch64-none-elf/8.3.0/../../../../aarch64-none-elf/lib/pic\libm.a(lib_a-k_rem_pio2.o) (scalbn)
D:/devkitPro/libnx/lib\libnx.a(applet.o)
                              moon.o (appletMainLoop)
D:/devkitPro/libnx/lib\libnx.a(hid.o)
                              moon.o (hidKeysDown)
D:/devkitPro/libnx/lib\libnx.a(apm.o)
                              D:/devkitPro/libnx/lib\libnx.a(applet.o) (apmExit)
D:/devkitPro/libnx/lib\libnx.a(sm.o)
                              D:/devkitPro/libnx/lib\libnx.a(applet.o) (smGetService)
D:/devkitPro/libnx/lib\libnx.a(fatal.o)
                              D:/devkitPro/libnx/lib\libnx.a(applet.o) (fatalSimple)
D:/devkitPro/libnx/lib\libnx.a(hosversion.o)
                              D:/devkitPro/libnx/lib\libnx.a(applet.o) (hosversionGet)
D:/devkitPro/libnx/lib\libnx.a(env.o)
                              D:/devkitPro/libnx/lib\libnx.a(applet.o) (envIsNso)
D:/devkitPro/libnx/lib\libnx.a(console.o)
                              moon.o (consoleInit)
D:/devkitPro/libnx/lib\libnx.a(console_sw.o)
                              D:/devkitPro/libnx/lib\libnx.a(console.o) (getDefaultConsoleRenderer)
D:/devkitPro/libnx/lib\libnx.a(svc.o)
                              D:/devkitPro/libnx/lib\libnx.a(applet.o) (svcExitProcess)
D:/devkitPro/libnx/lib\libnx.a(switch_crt0.o)
                              (_start)
D:/devkitPro/libnx/lib\libnx.a(default_font.bin.o)
                              D:/devkitPro/libnx/lib\libnx.a(console.o) (default_font_bin)
D:/devkitPro/libnx/lib\libnx.a(detect.o)
                              D:/devkitPro/libnx/lib\libnx.a(fatal.o) (detectKernelVersion)
D:/devkitPro/libnx/lib\libnx.a(tmem.o)
                              D:/devkitPro/libnx/lib\libnx.a(applet.o) (tmemCreate)
D:/devkitPro/libnx/lib\libnx.a(wait.o)
                              D:/devkitPro/libnx/lib\libnx.a(applet.o) (waitObjects)
D:/devkitPro/libnx/lib\libnx.a(rwlock.o)
                              D:/devkitPro/libnx/lib\libnx.a(hid.o) (rwlockReadLock)
D:/devkitPro/libnx/lib\libnx.a(mutex.o)
[...]
Memory Configuration

Name             Origin             Length             Attributes
*default*        0x0000000000000000 0xffffffffffffffff

Linker script and memory map

                0x0000000000000000                PROVIDE (__start__ = 0x0)
                0x0000000000000000                . = __start__

.crt0           0x0000000000000000      0x150
 *(.crt0)
 .crt0          0x0000000000000000      0x14c D:/devkitPro/libnx/lib\libnx.a(switch_crt0.o)
                0x0000000000000000                _start
                0x0000000000000120                __nx_exit
                0x0000000000000130                __nx_mod0
                0x0000000000000150                . = ALIGN (0x8)
 *fill*         0x000000000000014c        0x4 

.init           0x0000000000000150       0x38
 *(.init)
 .init          0x0000000000000150       0x18 d:/devkitpro/devkita64/bin/../lib/gcc/aarch64-none-elf/8.3.0/pic/crti.o
                0x0000000000000150                _init
 .init          0x0000000000000168       0x1c d:/devkitpro/devkita64/bin/../lib/gcc/aarch64-none-elf/8.3.0/pic/crtn.o
                0x0000000000000188                . = ALIGN (0x8)
 *fill*         0x0000000000000184        0x4 

.plt            0x0000000000000188        0x0
 *(.plt)
 .plt           0x0000000000000188        0x0 d:/devkitpro/devkita64/bin/../lib/gcc/aarch64-none-elf/8.3.0/pic/crti.o
 *(.iplt)
                0x0000000000000188                . = ALIGN (0x8)

.text           0x00000000000001c0    0x31748
 *(.text.unlikely .text.*_unlikely .text.unlikely.*)
 *(.text.exit .text.exit.*)
 .text.exit     0x00000000000001c0       0x38 d:/devkitpro/devkita64/bin/../lib/gcc/aarch64-none-elf/8.3.0/../../../../aarch64-none-elf/lib/pic\libg.a(lib_a-exit.o)
                0x00000000000001c0                exit
 *(.text.startup .text.startup.*)
 *fill*         0x00000000000001f8        0x8 
 .text.startup.main
                0x0000000000000200      0x3fc moon.o
                0x0000000000000200                main
 *(.text.hot .text.hot.*)
 *(.text .stub .text.* .gnu.linkonce.t.*)
 *fill*         0x00000000000005fc        0x4 
 .text.deregister_tm_clones
                0x0000000000000600       0x2c d:/devkitpro/devkita64/bin/../lib/gcc/aarch64-none-elf/8.3.0/pic/crtbegin.o
 *fill*         0x000000000000062c        0x4 
 .text.register_tm_clones
                0x0000000000000630       0x38 d:/devkitpro/devkita64/bin/../lib/gcc/aarch64-none-elf/8.3.0/pic/crtbegin.o
 .text.__do_global_dtors_aux
                0x0000000000000668       0x48 d:/devkitpro/devkita64/bin/../lib/gcc/aarch64-none-elf/8.3.0/pic/crtbegin.o
 .text.frame_dummy
                0x00000000000006b0       0x34 d:/devkitpro/devkita64/bin/../lib/gcc/aarch64-none-elf/8.3.0/pic/crtbegin.o
 *fill*         0x00000000000006e4        0xc 
 .text.jyear    0x00000000000006f0      0x114 moon.o
                0x00000000000006f0                jyear
 *fill*         0x0000000000000804        0xc 
 .text.jhms     0x0000000000000810       0x94 moon.o
                0x0000000000000810                jhms
 *fill*         0x00000000000008a4        0xc 
 .text.meanphase
                0x00000000000008b0       0xb4 moon.o
                0x00000000000008b0                meanphase
 *fill*         0x0000000000000964        0xc 
 .text.truephase
                0x0000000000000970      0x608 moon.o
                0x0000000000000970                truephase
 *fill*         0x0000000000000f78        0x8 
 .text.phasehunt
                0x0000000000000f80      0x144 moon.o
                0x0000000000000f80                phasehunt
 *fill*         0x00000000000010c4        0xc 
 .text.nextmoon
                0x00000000000010d0       0x98 moon.o
                0x00000000000010d0                nextmoon
 *fill*         0x0000000000001168        0x8 
 .text.kepler   0x0000000000001170       0xa4 moon.o
                0x0000000000001170                kepler
 *fill*         0x0000000000001214        0xc 
 .text.jdate    0x0000000000001220       0xc4 moon.o
                0x0000000000001220                jdate
 *fill*         0x00000000000012e4        0xc 
 .text.jtime    0x00000000000012f0       0x5c moon.o
                0x00000000000012f0                jtime
 *fill*         0x000000000000134c        0x4 
 .text.phase    0x0000000000001350      0x2a0 moon.o
                0x0000000000001350                phase
 .text.atan     0x00000000000015f0      0x220 d:/devkitpro/devkita64/bin/../lib/gcc/aarch64-none-elf/8.3.0/../../../../aarch64-none-elf/lib/pic\libm.a(lib_a-s_atan.o)
                0x00000000000015f0                atan
 .text.cos      0x0000000000001810       0xa8 d:/devkitpro/devkita64/bin/../lib/gcc/aarch64-none-elf/8.3.0/../../../../aarch64-none-elf/lib/pic\libm.a(lib_a-s_cos.o)
                0x0000000000001810                cos
 .text.fabs     0x00000000000018b8        0x8 d:/devkitpro/devkita64/bin/../lib/gcc/aarch64-none-elf/8.3.0/../../../../aarch64-none-elf/lib/pic\libm.a(lib_a-s_fabs.o)
                0x00000000000018b8                fabs
 .text.sin      0x00000000000018c0       0xb0 d:/devkitpro/devkita64/bin/../lib/gcc/aarch64-none-elf/8.3.0/../../../../aarch64-none-elf/lib/pic\libm.a(lib_a-s_sin.o)
                0x00000000000018c0                sin
 .text.tan      0x0000000000001970       0x70 d:/devkitpro/devkita64/bin/../lib/gcc/aarch64-none-elf/8.3.0/../../../../aarch64-none-elf/lib/pic\libm.a(lib_a-s_tan.o)
                0x0000000000001970                tan
 .text.__ieee754_rem_pio2
                0x00000000000019e0      0x2dc d:/devkitpro/devkita64/bin/../lib/gcc/aarch64-none-elf/8.3.0/../../../../aarch64-none-elf/lib/pic\libm.a(lib_a-e_rem_pio2.o)
                0x00000000000019e0                __ieee754_rem_pio2
 *fill*         0x0000000000001cbc        0x4 
 .text.__kernel_cos
                0x0000000000001cc0      0x130 d:/devkitpro/devkita64/bin/../lib/gcc/aarch64-none-elf/8.3.0/../../../../aarch64-none-elf/lib/pic\libm.a(lib_a-k_cos.o)
                0x0000000000001cc0                __kernel_cos
 .text.__kernel_rem_pio2
                0x0000000000001df0      0x844 d:/devkitpro/devkita64/bin/../lib/gcc/aarch64-none-elf/8.3.0/../../../../aarch64-none-elf/lib/pic\libm.a(lib_a-k_rem_pio2.o)
                0x0000000000001df0                __kernel_rem_pio2
 *fill*         0x0000000000002634        0x4 
 .text.__kernel_sin
                0x0000000000002638       0x9c d:/devkitpro/devkita64/bin/../lib/gcc/aarch64-none-elf/8.3.0/../../../../aarch64-none-elf/lib/pic\libm.a(lib_a-k_sin.o)
                0x0000000000002638                __kernel_sin
 *fill*         0x00000000000026d4        0x4 
 .text.__kernel_tan
                0x00000000000026d8      0x1e8 d:/devkitpro/devkita64/bin/../lib/gcc/aarch64-none-elf/8.3.0/../../../../aarch64-none-elf/lib/pic\libm.a(lib_a-k_tan.o)
                0x00000000000026d8                __kernel_tan
 .text.floor    0x00000000000028c0        0x8 d:/devkitpro/devkita64/bin/../lib/gcc/aarch64-none-elf/8.3.0/../../../../aarch64-none-elf/lib/pic\libm.a(lib_a-s_floor.o)
                0x00000000000028c0                floor
 .text.scalbn   0x00000000000028c8      0x10c d:/devkitpro/devkita64/bin/../lib/gcc/aarch64-none-elf/8.3.0/../../../../aarch64-none-elf/lib/pic\libm.a(lib_a-s_scalbn.o)
                0x00000000000028c8                scalbn
 *fill*         0x00000000000029d4        0xc 
 .text.ipcPrepareHeader
                0x00000000000029e0      0x220 D:/devkitPro/libnx/lib\libnx.a(applet.o)
 .text.ipcParse
                0x0000000000002c00      0x22c D:/devkitPro/libnx/lib\libnx.a(applet.o)
 *fill*         0x0000000000002e2c        0x4 
 .text.ipcConvertSessionToDomain
                0x0000000000002e30       0x78 D:/devkitPro/libnx/lib\libnx.a(applet.o)
 *fill*         0x0000000000002ea8        0x8 
 .text.ipcCloneSession.constprop.48
                0x0000000000002eb0       0x84 D:/devkitPro/libnx/lib\libnx.a(applet.o)
 *fill*         0x0000000000002f34        0xc 
 .text.ipcCloseObjectById
                0x0000000000002f40       0x34 D:/devkitPro/libnx/lib\libnx.a(applet.o)
 *fill*         0x0000000000002f74        0xc 
 .text._appletGetOperationMode.constprop.40
                0x0000000000002f80      0x18c D:/devkitPro/libnx/lib\libnx.a(applet.o)
 *fill*         0x000000000000310c        0x4 
 .text._appletReceiveMessage
                0x0000000000003110      0x19c D:/devkitPro/libnx/lib\libnx.a(applet.o)
 *fill*         0x00000000000032ac        0x4 
 .text._appletGetCurrentFocusState.constprop.42
                0x00000000000032b0      0x18c D:/devkitPro/libnx/lib\libnx.a(applet.o)
 *fill*         0x000000000000343c        0x4 
 .text._appletCmdNoIO
                0x0000000000003440      0x164 D:/devkitPro/libnx/lib\libnx.a(applet.o)
 *fill*         0x00000000000035a4        0xc 
 .text._appletGetPerformanceMode.constprop.41
                0x00000000000035b0      0x18c D:/devkitPro/libnx/lib\libnx.a(applet.o)
 *fill*         0x000000000000373c        0x4 
 .text._appletGetSession
                0x0000000000003740      0x1d8 D:/devkitPro/libnx/lib\libnx.a(applet.o)
 *fill*         0x0000000000003918        0x8 
 .text._appletCmdNoInOut64
                0x0000000000003920      0x17c D:/devkitPro/libnx/lib\libnx.a(applet.o)
 *fill*         0x0000000000003a9c        0x4 
 .text._appletSetOperationModeChangedNotification.constprop.43
                0x0000000000003aa0      0x164 D:/devkitPro/libnx/lib\libnx.a(applet.o)
 *fill*         0x0000000000003c04        0xc 
 .text._appletSetPerformanceModeChangedNotification.constprop.44
                0x0000000000003c10      0x164 D:/devkitPro/libnx/lib\libnx.a(applet.o)
 *fill*         0x0000000000003d74        0xc 
 .text._appletSetOutOfFocusSuspendingEnabled
                0x0000000000003d80      0x16c D:/devkitPro/libnx/lib\libnx.a(applet.o)
 *fill*         0x0000000000003eec        0x4 
 .text._appletSetFocusHandlingMode
                0x0000000000003ef0      0x17c D:/devkitPro/libnx/lib\libnx.a(applet.o)
 *fill*         0x000000000000406c        0x4 
 .text._appletGetHandle.constprop.39
                0x0000000000004070      0x178 D:/devkitPro/libnx/lib\libnx.a(applet.o)
 *fill*         0x00000000000041e8        0x8 
 .text._appletGetEvent.constprop.38
                0x00000000000041f0       0x54 D:/devkitPro/libnx/lib\libnx.a(applet.o)
 *fill*         0x0000000000004244        0xc 
 .text._appletGetSessionProxy.constprop.37
                0x0000000000004250      0x1f0 D:/devkitPro/libnx/lib\libnx.a(applet.o)
 .text.appletGetAppletType
                0x0000000000004440       0x10 D:/devkitPro/libnx/lib\libnx.a(applet.o)
                0x0000000000004440                appletGetAppletType
 .text.appletSetFocusHandlingMode
                0x0000000000004450       0xf0 D:/devkitPro/libnx/lib\libnx.a(applet.o)
                0x0000000000004450                appletSetFocusHandlingMode
 .text.appletGetAppletResourceUserId
                0x0000000000004540       0x28 D:/devkitPro/libnx/lib\libnx.a(applet.o)
                0x0000000000004540                appletGetAppletResourceUserId
 *fill*         0x0000000000004568        0x8 
 .text.appletNotifyRunning
                0x0000000000004570      0x1f4 D:/devkitPro/libnx/lib\libnx.a(applet.o)
                0x0000000000004570                appletNotifyRunning
 *fill*         0x0000000000004764        0xc 
 .text.appletSetGamePlayRecordingState
                0x0000000000004770      0x1dc D:/devkitPro/libnx/lib\libnx.a(applet.o)
                0x0000000000004770                appletSetGamePlayRecordingState
 *fill*         0x000000000000494c        0x4 
 .text.appletExit
                0x0000000000004950      0x69c D:/devkitPro/libnx/lib\libnx.a(applet.o)
                0x0000000000004950                appletExit
 *fill*         0x0000000000004fec        0x4 
 .text.appletInitialize
                0x0000000000004ff0      0x4f0 D:/devkitPro/libnx/lib\libnx.a(applet.o)
                0x0000000000004ff0                appletInitialize
 .text._appletExitProcess
                0x00000000000054e0       0x10 D:/devkitPro/libnx/lib\libnx.a(applet.o)
 .text.appletCreateManagedDisplayLayer
                0x00000000000054f0       0x14 D:/devkitPro/libnx/lib\libnx.a(applet.o)
                0x00000000000054f0                appletCreateManagedDisplayLayer
 *fill*         0x0000000000005504        0xc 
 .text.appletGetMessage
                0x0000000000005510       0x5c D:/devkitPro/libnx/lib\libnx.a(applet.o)
                0x0000000000005510                appletGetMessage
 *fill*         0x000000000000556c        0x4 
 .text.appletProcessMessage
                0x0000000000005570      0x118 D:/devkitPro/libnx/lib\libnx.a(applet.o)
                0x0000000000005570                appletProcessMessage
 *fill*         0x0000000000005688        0x8 
 .text.appletMainLoop
                0x0000000000005690       0x34 D:/devkitPro/libnx/lib\libnx.a(applet.o)
                0x0000000000005690                appletMainLoop
 *fill*         0x00000000000056c4        0xc 
 .text.ipcCloseObjectById
                0x00000000000056d0       0x34 D:/devkitPro/libnx/lib\libnx.a(hid.o)
 *fill*         0x0000000000005704        0xc 
 .text._hidGetSharedMemoryHandle.constprop.10
                0x0000000000005710      0x124 D:/devkitPro/libnx/lib\libnx.a(hid.o)
 *fill*         0x0000000000005834        0xc 
 .text._hidCmdWithNoInput
                0x0000000000005840      0x100 D:/devkitPro/libnx/lib\libnx.a(hid.o)
 .text._hidCreateAppletResource.constprop.9
                0x0000000000005940      0x134 D:/devkitPro/libnx/lib\libnx.a(hid.o)
 *fill*         0x0000000000005a74        0xc 
 .text._hidCmdWithInputU32
                0x0000000000005a80      0x10c D:/devkitPro/libnx/lib\libnx.a(hid.o)
 *fill*         0x0000000000005b8c        0x4 
 .text._hidCmdWithInputU64.constprop.11
                0x0000000000005b90      0x108 D:/devkitPro/libnx/lib\libnx.a(hid.o)
 *fill*         0x0000000000005c98        0x8 
 .text.hidReset
                0x0000000000005ca0      0x1e0 D:/devkitPro/libnx/lib\libnx.a(hid.o)
                0x0000000000005ca0                hidReset
 .text.hidGetSharedmemAddr
                0x0000000000005e80        0xc D:/devkitPro/libnx/lib\libnx.a(hid.o)
                0x0000000000005e80                hidGetSharedmemAddr
 *fill*         0x0000000000005e8c        0x4 
 .text.hidKeysDown
                0x0000000000005e90       0x6c D:/devkitPro/libnx/lib\libnx.a(hid.o)
                0x0000000000005e90                hidKeysDown
 *fill*         0x0000000000005efc        0x4 
 .text.hidTouchCount
                0x0000000000005f00        0xc D:/devkitPro/libnx/lib\libnx.a(hid.o)
                0x0000000000005f00                hidTouchCount
 *fill*         0x0000000000005f0c        0x4 
 .text.hidScanInput
                0x0000000000005f10      0x578 D:/devkitPro/libnx/lib\libnx.a(hid.o)
                0x0000000000005f10                hidScanInput
 *fill*         0x0000000000006488        0x8 
 .text.hidSetSupportedNpadIdType
                0x0000000000006490      0x198 D:/devkitPro/libnx/lib\libnx.a(hid.o)
                0x0000000000006490                hidSetSupportedNpadIdType
 *fill*         0x0000000000006628        0x8 
 .text.hidSetSupportedNpadStyleSet
                0x0000000000006630        0xc D:/devkitPro/libnx/lib\libnx.a(hid.o)
                0x0000000000006630                hidSetSupportedNpadStyleSet
 *fill*         0x000000000000663c        0x4 
 .text.hidSetNpadJoyHoldType
                0x0000000000006640        0x8 D:/devkitPro/libnx/lib\libnx.a(hid.o)
                0x0000000000006640                hidSetNpadJoyHoldType
 *fill*         0x0000000000006648        0x8 
 .text.hidSetNpadJoyAssignmentModeDual
                0x0000000000006650        0xc D:/devkitPro/libnx/lib\libnx.a(hid.o)
                0x0000000000006650                hidSetNpadJoyAssignmentModeDual
 *fill*         0x000000000000665c        0x4 
 .text.hidExit  0x0000000000006660      0x12c D:/devkitPro/libnx/lib\libnx.a(hid.o)
                0x0000000000006660                hidExit
 *fill*         0x000000000000678c        0x4 
 .text.hidInitialize
                0x0000000000006790      0x168 D:/devkitPro/libnx/lib\libnx.a(hid.o)
                0x0000000000006790                hidInitialize
 *fill*         0x00000000000068f8        0x8 
 .text.ipcCloseObjectById
                0x0000000000006900       0x34 D:/devkitPro/libnx/lib\libnx.a(apm.o)
 *fill*         0x0000000000006934        0xc 
 .text._apmGetSession.constprop.4
                0x0000000000006940      0x124 D:/devkitPro/libnx/lib\libnx.a(apm.o)
 *fill*         0x0000000000006a64        0xc 
 .text.apmExit  0x0000000000006a70       0xf0 D:/devkitPro/libnx/lib\libnx.a(apm.o)
                0x0000000000006a70                apmExit
 .text.apmInitialize
                0x0000000000006b60       0x8c D:/devkitPro/libnx/lib\libnx.a(apm.o)
                0x0000000000006b60                apmInitialize
 *fill*         0x0000000000006bec        0x4 
 .text.apmSetPerformanceConfiguration
                0x0000000000006bf0       0xcc D:/devkitPro/libnx/lib\libnx.a(apm.o)
                0x0000000000006bf0                apmSetPerformanceConfiguration
 *fill*         0x0000000000006cbc        0x4 
 .text.smAddOverrideHandle
                0x0000000000006cc0       0x44 D:/devkitPro/libnx/lib\libnx.a(sm.o)
                0x0000000000006cc0                smAddOverrideHandle
 *fill*         0x0000000000006d04        0xc 
 .text.smGetServiceOverride
                0x0000000000006d10       0x60 D:/devkitPro/libnx/lib\libnx.a(sm.o)
                0x0000000000006d10                smGetServiceOverride
 .text.smHasInitialized
                0x0000000000006d70       0x14 D:/devkitPro/libnx/lib\libnx.a(sm.o)
                0x0000000000006d70                smHasInitialized
 *fill*         0x0000000000006d84        0xc 
 .text.smExit   0x0000000000006d90       0x5c D:/devkitPro/libnx/lib\libnx.a(sm.o)
                0x0000000000006d90                smExit
 *fill*         0x0000000000006dec        0x4 
 .text.smEncodeName
                0x0000000000006df0       0x38 D:/devkitPro/libnx/lib\libnx.a(sm.o)
                0x0000000000006df0                smEncodeName
 *fill*         0x0000000000006e28        0x8 
 .text.smGetServiceOriginal
                0x0000000000006e30      0x12c D:/devkitPro/libnx/lib\libnx.a(sm.o)
                0x0000000000006e30                smGetServiceOriginal
 *fill*         0x0000000000006f5c        0x4 
 .text.smInitialize
                0x0000000000006f60      0x158 D:/devkitPro/libnx/lib\libnx.a(sm.o)
                0x0000000000006f60                smInitialize
 *fill*         0x00000000000070b8        0x8 
 .text.smGetService
                0x00000000000070c0       0x74 D:/devkitPro/libnx/lib\libnx.a(sm.o)
                0x00000000000070c0                smGetService
 *fill*         0x0000000000007134        0xc 
 .text._fatalImpl
                0x0000000000007140      0x140 D:/devkitPro/libnx/lib\libnx.a(fatal.o)
 .text.fatalWithType
                0x0000000000007280       0x14 D:/devkitPro/libnx/lib\libnx.a(fatal.o)
                0x0000000000007280                fatalWithType
 *fill*         0x0000000000007294        0xc 
 .text.fatalSimple
                0x00000000000072a0       0x14 D:/devkitPro/libnx/lib\libnx.a(fatal.o)
                0x00000000000072a0                fatalSimple
 *fill*         0x00000000000072b4        0xc 
 .text.hosversionGet
                0x00000000000072c0       0x10 D:/devkitPro/libnx/lib\libnx.a(hosversion.o)
                0x00000000000072c0                hosversionGet
 .text.hosversionSet
                0x00000000000072d0       0x10 D:/devkitPro/libnx/lib\libnx.a(hosversion.o)
                0x00000000000072d0                hosversionSet
 .text.envSetup
                0x00000000000072e0      0x208 D:/devkitPro/libnx/lib\libnx.a(env.o)
                0x00000000000072e0                envSetup
 *fill*         0x00000000000074e8        0x8 
 .text.envGetMainThreadHandle
                0x00000000000074f0       0x20 D:/devkitPro/libnx/lib\libnx.a(env.o)
                0x00000000000074f0                envGetMainThreadHandle
 .text.envIsNso
                0x0000000000007510        0xc D:/devkitPro/libnx/lib\libnx.a(env.o)
                0x0000000000007510                envIsNso
 *fill*         0x000000000000751c        0x4 
 .text.envHasHeapOverride
                0x0000000000007520       0x14 D:/devkitPro/libnx/lib\libnx.a(env.o)
                0x0000000000007520                envHasHeapOverride
 *fill*         0x0000000000007534        0xc 
 .text.envGetHeapOverrideAddr
                0x0000000000007540        0xc D:/devkitPro/libnx/lib\libnx.a(env.o)
                0x0000000000007540                envGetHeapOverrideAddr
 *fill*         0x000000000000754c        0x4 
 .text.envGetHeapOverrideSize
                0x0000000000007550        0xc D:/devkitPro/libnx/lib\libnx.a(env.o)
                0x0000000000007550                envGetHeapOverrideSize
 *fill*         0x000000000000755c        0x4 
 .text.envHasArgv
                0x0000000000007560       0x14 D:/devkitPro/libnx/lib\libnx.a(env.o)
                0x0000000000007560                envHasArgv
 *fill*         0x0000000000007574        0xc 
 .text.envGetArgv
                0x0000000000007580        0xc D:/devkitPro/libnx/lib\libnx.a(env.o)
                0x0000000000007580                envGetArgv
 *fill*         0x000000000000758c        0x4 
 .text.envGetExitFuncPtr
                0x0000000000007590        0xc D:/devkitPro/libnx/lib\libnx.a(env.o)
                0x0000000000007590                envGetExitFuncPtr
 *fill*         0x000000000000759c        0x4 
 .text.envSetExitFuncPtr
                0x00000000000075a0        0xc D:/devkitPro/libnx/lib\libnx.a(env.o)
                0x00000000000075a0                envSetExitFuncPtr
 *fill*         0x00000000000075ac        0x4 
 .text.consoleDrawChar
                0x00000000000075b0       0x44 D:/devkitPro/libnx/lib\libnx.a(console.o)
 *fill*         0x00000000000075f4        0xc 
 .text.consoleClearLine
                0x0000000000007600      0x140 D:/devkitPro/libnx/lib\libnx.a(console.o)
 .text.consoleNewRow
                0x0000000000007740       0x4c D:/devkitPro/libnx/lib\libnx.a(console.o)
 *fill*         0x000000000000778c        0x4 
 .text.consolePrintChar
                0x0000000000007790      0x118 D:/devkitPro/libnx/lib\libnx.a(console.o)
 *fill*         0x00000000000078a8        0x8 
 .text.consoleCls
                0x00000000000078b0      0x15c D:/devkitPro/libnx/lib\libnx.a(console.o)
 *fill*         0x0000000000007a0c        0x4 
 .text.con_write
                0x0000000000007a10      0x7e0 D:/devkitPro/libnx/lib\libnx.a(console.o)
 .text.consoleInit
                0x00000000000081f0      0x11c D:/devkitPro/libnx/lib\libnx.a(console.o)
                0x00000000000081f0                consoleInit
 *fill*         0x000000000000830c        0x4 
 .text.consoleExit
                0x0000000000008310       0x48 D:/devkitPro/libnx/lib\libnx.a(console.o)
                0x0000000000008310                consoleExit
 *fill*         0x0000000000008358        0x8 
 .text.consoleUpdate
                0x0000000000008360       0x28 D:/devkitPro/libnx/lib\libnx.a(console.o)
                0x0000000000008360                consoleUpdate
 *fill*         0x0000000000008388        0x8 
 .text.ConsoleSwRenderer_flushAndSwap
                0x0000000000008390       0x70 D:/devkitPro/libnx/lib\libnx.a(console_sw.o)
 .text.ConsoleSwRenderer_scrollWindow
                0x0000000000008400       0xc4 D:/devkitPro/libnx/lib\libnx.a(console_sw.o)
 *fill*         0x00000000000084c4        0xc 
 .text.ConsoleSwRenderer_drawChar
                0x00000000000084d0      0x188 D:/devkitPro/libnx/lib\libnx.a(console_sw.o)
 *fill*         0x0000000000008658        0x8 
 .text.ConsoleSwRenderer_deinit
                0x0000000000008660       0x3c D:/devkitPro/libnx/lib\libnx.a(console_sw.o)
 *fill*         0x000000000000869c        0x4 
 .text.ConsoleSwRenderer_init
                0x00000000000086a0       0xf4 D:/devkitPro/libnx/lib\libnx.a(console_sw.o)
 *fill*         0x0000000000008794        0xc 
 .text.getDefaultConsoleRenderer
                0x00000000000087a0        0xc D:/devkitPro/libnx/lib\libnx.a(console_sw.o)
                0x00000000000087a0                getDefaultConsoleRenderer
 .text.svcSetHeapSize
                0x00000000000087ac       0x14 D:/devkitPro/libnx/lib\libnx.a(svc.o)
                0x00000000000087ac                svcSetHeapSize
 .text.svcSetMemoryAttribute
                0x00000000000087c0        0x8 D:/devkitPro/libnx/lib\libnx.a(svc.o)
                0x00000000000087c0                svcSetMemoryAttribute
 .text.svcUnmapMemory
                0x00000000000087c8        0x8 D:/devkitPro/libnx/lib\libnx.a(svc.o)
                0x00000000000087c8                svcUnmapMemory
 .text.svcQueryMemory
                0x00000000000087d0       0x14 D:/devkitPro/libnx/lib\libnx.a(svc.o)
                0x00000000000087d0                svcQueryMemory
 .text.svcExitProcess
                0x00000000000087e4        0x8 D:/devkitPro/libnx/lib\libnx.a(svc.o)
                0x00000000000087e4                svcExitProcess
 .text.svcSleepThread
                0x00000000000087ec        0x8 D:/devkitPro/libnx/lib\libnx.a(svc.o)
                0x00000000000087ec                svcSleepThread
 .text.svcMapSharedMemory
                0x00000000000087f4        0x8 D:/devkitPro/libnx/lib\libnx.a(svc.o)
                0x00000000000087f4                svcMapSharedMemory
 .text.svcUnmapSharedMemory
                0x00000000000087fc        0x8 D:/devkitPro/libnx/lib\libnx.a(svc.o)
                0x00000000000087fc                svcUnmapSharedMemory
 .text.svcCreateTransferMemory
                0x0000000000008804       0x14 D:/devkitPro/libnx/lib\libnx.a(svc.o)
                0x0000000000008804                svcCreateTransferMemory
 .text.svcCloseHandle
                0x0000000000008818        0x8 D:/devkitPro/libnx/lib\libnx.a(svc.o)
                0x0000000000008818                svcCloseHandle
 .text.svcResetSignal
                0x0000000000008820        0x8 D:/devkitPro/libnx/lib\libnx.a(svc.o)
                0x0000000000008820                svcResetSignal
 .text.svcWaitSynchronization
                0x0000000000008828       0x14 D:/devkitPro/libnx/lib\libnx.a(svc.o)
                0x0000000000008828                svcWaitSynchronization
 .text.svcArbitrateLock
                0x000000000000883c        0x8 D:/devkitPro/libnx/lib\libnx.a(svc.o)
                0x000000000000883c                svcArbitrateLock
 .text.svcArbitrateUnlock
                0x0000000000008844        0x8 D:/devkitPro/libnx/lib\libnx.a(svc.o)
                0x0000000000008844                svcArbitrateUnlock
 .text.svcWaitProcessWideKeyAtomic
                0x000000000000884c        0x8 D:/devkitPro/libnx/lib\libnx.a(svc.o)
                0x000000000000884c                svcWaitProcessWideKeyAtomic
 .text.svcSignalProcessWideKey
                0x0000000000008854        0x8 D:/devkitPro/libnx/lib\libnx.a(svc.o)
                0x0000000000008854                svcSignalProcessWideKey
 .text.svcConnectToNamedPort
                0x000000000000885c       0x14 D:/devkitPro/libnx/lib\libnx.a(svc.o)
                0x000000000000885c                svcConnectToNamedPort
 .text.svcSendSyncRequest
                0x0000000000008870        0x8 D:/devkitPro/libnx/lib\libnx.a(svc.o)
                0x0000000000008870                svcSendSyncRequest
 .text.svcBreak
                0x0000000000008878        0x8 D:/devkitPro/libnx/lib\libnx.a(svc.o)
                0x0000000000008878                svcBreak
 .text.svcReturnFromException
                0x0000000000008880        0x8 D:/devkitPro/libnx/lib\libnx.a(svc.o)
                0x0000000000008880                svcReturnFromException
 .text.svcGetInfo
                0x0000000000008888       0x14 D:/devkitPro/libnx/lib\libnx.a(svc.o)
                0x0000000000008888                svcGetInfo
 .text.svcUnmapTransferMemory
                0x000000000000889c        0x8 D:/devkitPro/libnx/lib\libnx.a(svc.o)
                0x000000000000889c                svcUnmapTransferMemory
 *fill*         0x00000000000088a4        0xc 
 .text.detectKernelVersion
                0x00000000000088b0      0x17c D:/devkitPro/libnx/lib\libnx.a(detect.o)
                0x00000000000088b0                detectKernelVersion
 *fill*         0x0000000000008a2c        0x4 
 .text.detectDebugger
                0x0000000000008a30       0x30 D:/devkitPro/libnx/lib\libnx.a(detect.o)
                0x0000000000008a30                detectDebugger
 .text.tmemCreate
                0x0000000000008a60       0xa8 D:/devkitPro/libnx/lib\libnx.a(tmem.o)
                0x0000000000008a60                tmemCreate
 *fill*         0x0000000000008b08        0x8 
 .text.tmemUnmap
                0x0000000000008b10       0x58 D:/devkitPro/libnx/lib\libnx.a(tmem.o)
                0x0000000000008b10                tmemUnmap
 *fill*         0x0000000000008b68        0x8 
 .text.tmemClose
                0x0000000000008b70       0x68 D:/devkitPro/libnx/lib\libnx.a(tmem.o)
                0x0000000000008b70                tmemClose
 *fill*         0x0000000000008bd8        0x8 
 .text._waitLoop
                0x0000000000008be0      0x104 D:/devkitPro/libnx/lib\libnx.a(wait.o)
 *fill*         0x0000000000008ce4        0xc 
 .text._waitObjectsImpl
                0x0000000000008cf0      0x338 D:/devkitPro/libnx/lib\libnx.a(wait.o)
 *fill*         0x0000000000009028        0x8 
 .text.waitObjects
                0x0000000000009030        0xc D:/devkitPro/libnx/lib\libnx.a(wait.o)
                0x0000000000009030                waitObjects
 *fill*         0x000000000000903c        0x4 
 .text.rwlockReadLock
                0x0000000000009040       0x58 D:/devkitPro/libnx/lib\libnx.a(rwlock.o)
                0x0000000000009040                rwlockReadLock
 *fill*         0x0000000000009098        0x8 
 .text.rwlockReadUnlock
                0x00000000000090a0       0x5c D:/devkitPro/libnx/lib\libnx.a(rwlock.o)
                0x00000000000090a0                rwlockReadUnlock
 *fill*         0x00000000000090fc        0x4 
 .text.rwlockWriteLock
                0x0000000000009100       0x84 D:/devkitPro/libnx/lib\libnx.a(rwlock.o)
                0x0000000000009100                rwlockWriteLock
 *fill*         0x0000000000009184        0xc 
 .text.rwlockWriteUnlock
                0x0000000000009190       0x3c D:/devkitPro/libnx/lib\libnx.a(rwlock.o)
                0x0000000000009190                rwlockWriteUnlock
 *fill*         0x00000000000091cc        0x4 
 .text.mutexLock
                0x00000000000091d0       0x8c D:/devkitPro/libnx/lib\libnx.a(mutex.o)
                0x00000000000091d0                mutexLock
 *fill*         0x000000000000925c        0x4 
 .text.mutexUnlock
                0x0000000000009260       0x30 D:/devkitPro/libnx/lib\libnx.a(mutex.o)
                0x0000000000009260                mutexUnlock
 .text.rmutexLock
                0x0000000000009290       0x4c D:/devkitPro/libnx/lib\libnx.a(mutex.o)
                0x0000000000009290                rmutexLock
 *fill*         0x00000000000092dc        0x4 
 .text.rmutexUnlock
                0x00000000000092e0       0x1c D:/devkitPro/libnx/lib\libnx.a(mutex.o)
                0x00000000000092e0                rmutexUnlock
 *fill*         0x00000000000092fc        0x4 
 .text.shmemLoadRemote
                0x0000000000009300       0x14 D:/devkitPro/libnx/lib\libnx.a(shmem.o)
                0x0000000000009300                shmemLoadRemote
 *fill*         0x0000000000009314        0xc 
 .text.shmemMap
                0x0000000000009320       0x84 D:/devkitPro/libnx/lib\libnx.a(shmem.o)
                0x0000000000009320                shmemMap
 *fill*         0x00000000000093a4        0xc 
 .text.shmemUnmap
                0x00000000000093b0       0x58 D:/devkitPro/libnx/lib\libnx.a(shmem.o)
                0x00000000000093b0                shmemUnmap
 *fill*         0x0000000000009408        0x8 
 .text.shmemClose
                0x0000000000009410       0x44 D:/devkitPro/libnx/lib\libnx.a(shmem.o)
                0x0000000000009410                shmemClose
 *fill*         0x0000000000009454        0xc 
 .text._GetRegionFromInfo.isra.1
                0x0000000000009460       0x7c D:/devkitPro/libnx/lib\libnx.a(virtmem.o)
 *fill*         0x00000000000094dc        0x4 
 .text.virtmemSetup
                0x00000000000094e0      0x114 D:/devkitPro/libnx/lib\libnx.a(virtmem.o)
                0x00000000000094e0                virtmemSetup
 *fill*         0x00000000000095f4        0xc 
 .text.virtmemReserve
                0x0000000000009600      0x13c D:/devkitPro/libnx/lib\libnx.a(virtmem.o)
                0x0000000000009600                virtmemReserve
 *fill*         0x000000000000973c        0x4 
 .text.virtmemFree
                0x0000000000009740        0x4 D:/devkitPro/libnx/lib\libnx.a(virtmem.o)
                0x0000000000009740                virtmemFree
 *fill*         0x0000000000009744        0xc 
 .text.eventLoadRemote
                0x0000000000009750        0xc D:/devkitPro/libnx/lib\libnx.a(event.o)
                0x0000000000009750                eventLoadRemote
 *fill*         0x000000000000975c        0x4 
 .text.eventWait
                0x0000000000009760       0x38 D:/devkitPro/libnx/lib\libnx.a(event.o)
                0x0000000000009760                eventWait
 *fill*         0x0000000000009798        0x8 
 .text.eventClose
                0x00000000000097a0       0x50 D:/devkitPro/libnx/lib\libnx.a(event.o)
                0x00000000000097a0                eventClose
 .text.condvarWaitTimeout
                0x00000000000097f0       0x60 D:/devkitPro/libnx/lib\libnx.a(condvar.o)
                0x00000000000097f0                condvarWaitTimeout
 .text.nwindowGetDefault
                0x0000000000009850        0xc D:/devkitPro/libnx/lib\libnx.a(default_window.o)
                0x0000000000009850                nwindowGetDefault
 *fill*         0x000000000000985c        0x4 
 .text.__nx_win_init
                0x0000000000009860       0xc8 D:/devkitPro/libnx/lib\libnx.a(default_window.o)
                0x0000000000009860                __nx_win_init
 *fill*         0x0000000000009928        0x8 
 .text.__nx_win_exit
                0x0000000000009930       0x34 D:/devkitPro/libnx/lib\libnx.a(default_window.o)
                0x0000000000009930                __nx_win_exit
 *fill*         0x0000000000009964        0xc 
 .text.framebufferMakeLinear
                0x0000000000009970       0x80 D:/devkitPro/libnx/lib\libnx.a(framebuffer.o)
                0x0000000000009970                framebufferMakeLinear
 .text.framebufferClose
                0x00000000000099f0       0x78 D:/devkitPro/libnx/lib\libnx.a(framebuffer.o)
                0x00000000000099f0                framebufferClose
 *fill*         0x0000000000009a68        0x8 
 .text.framebufferCreate
                0x0000000000009a70      0x298 D:/devkitPro/libnx/lib\libnx.a(framebuffer.o)
                0x0000000000009a70                framebufferCreate
 *fill*         0x0000000000009d08        0x8 
 .text.framebufferBegin
                0x0000000000009d10       0x80 D:/devkitPro/libnx/lib\libnx.a(framebuffer.o)
                0x0000000000009d10                framebufferBegin
 .text.framebufferEnd
                0x0000000000009d90      0x17c D:/devkitPro/libnx/lib\libnx.a(framebuffer.o)
                0x0000000000009d90                framebufferEnd
 *fill*         0x0000000000009f0c        0x4 
 .text._nwindowConnect
                0x0000000000009f10       0x54 D:/devkitPro/libnx/lib\libnx.a(native_window.o)
 *fill*         0x0000000000009f64        0xc 
 .text._nwindowDisconnect
                0x0000000000009f70       0x40 D:/devkitPro/libnx/lib\libnx.a(native_window.o)
 .text.nwindowIsValid
                0x0000000000009fb0       0x24 D:/devkitPro/libnx/lib\libnx.a(native_window.o)
                0x0000000000009fb0                nwindowIsValid
 *fill*         0x0000000000009fd4        0xc 
 .text.nwindowClose
                0x0000000000009fe0       0x6c D:/devkitPro/libnx/lib\libnx.a(native_window.o)
                0x0000000000009fe0                nwindowClose
 *fill*         0x000000000000a04c        0x4 
 .text.nwindowCreate
                0x000000000000a050       0xc4 D:/devkitPro/libnx/lib\libnx.a(native_window.o)
                0x000000000000a050                nwindowCreate
 *fill*         0x000000000000a114        0xc 
 .text.nwindowCreateFromLayer
                0x000000000000a120        0xc D:/devkitPro/libnx/lib\libnx.a(native_window.o)
                0x000000000000a120                nwindowCreateFromLayer
 *fill*         0x000000000000a12c        0x4 
 .text.nwindowSetDimensions
                0x000000000000a130       0x88 D:/devkitPro/libnx/lib\libnx.a(native_window.o)
                0x000000000000a130                nwindowSetDimensions
 *fill*         0x000000000000a1b8        0x8 
 .text.nwindowConfigureBuffer
                0x000000000000a1c0      0x154 D:/devkitPro/libnx/lib\libnx.a(native_window.o)
                0x000000000000a1c0                nwindowConfigureBuffer
 *fill*         0x000000000000a314        0xc 
 .text.nwindowDequeueBuffer
                0x000000000000a320      0x1e4 D:/devkitPro/libnx/lib\libnx.a(native_window.o)
                0x000000000000a320                nwindowDequeueBuffer
 *fill*         0x000000000000a504        0xc 
 .text.nwindowQueueBuffer
                0x000000000000a510      0x144 D:/devkitPro/libnx/lib\libnx.a(native_window.o)
                0x000000000000a510                nwindowQueueBuffer
 *fill*         0x000000000000a654        0xc 
 .text.nwindowReleaseBuffers
                0x000000000000a660       0xac D:/devkitPro/libnx/lib\libnx.a(native_window.o)
                0x000000000000a660                nwindowReleaseBuffers
 *fill*         0x000000000000a70c        0x4 
 .text.__nx_dynamic
                0x000000000000a710       0xa0 D:/devkitPro/libnx/lib\libnx.a(dynamic.o)
                0x000000000000a710                __nx_dynamic
 .text.__libnx_initheap
                0x000000000000a7b0       0xd8 D:/devkitPro/libnx/lib\libnx.a(init.o)
                0x000000000000a7b0                __libnx_initheap
 *fill*         0x000000000000a888        0x8 
 .text.__appInit
                0x000000000000a890       0xdc D:/devkitPro/libnx/lib\libnx.a(init.o)
                0x000000000000a890                __appInit
 *fill*         0x000000000000a96c        0x4 
 .text.__appExit
                0x000000000000a970       0x44 D:/devkitPro/libnx/lib\libnx.a(init.o)
                0x000000000000a970                __appExit
 *fill*         0x000000000000a9b4        0xc 
 .text.__libnx_init
                0x000000000000a9c0       0x28 D:/devkitPro/libnx/lib\libnx.a(init.o)
                0x000000000000a9c0                __libnx_init
 *fill*         0x000000000000a9e8        0x8 
 .text.__libnx_exit
                0x000000000000a9f0       0x20 D:/devkitPro/libnx/lib\libnx.a(init.o)
                0x000000000000a9f0                __libnx_exit
 .text.__syscall_exit
                0x000000000000aa10       0x1c D:/devkitPro/libnx/lib\libnx.a(newlib.o)
                0x000000000000aa10                __syscall_exit
 *fill*         0x000000000000aa2c        0x4 
 .text.__syscall_getreent
                0x000000000000aa30       0x34 D:/devkitPro/libnx/lib\libnx.a(newlib.o)
                0x000000000000aa30                __syscall_getreent
 *fill*         0x000000000000aa64        0xc 
 .text.__syscall_lock_acquire
                0x000000000000aa70        0x4 D:/devkitPro/libnx/lib\libnx.a(newlib.o)
                0x000000000000aa70                __syscall_lock_acquire
 *fill*         0x000000000000aa74        0xc 
 .text.__syscall_lock_release
                0x000000000000aa80        0x4 D:/devkitPro/libnx/lib\libnx.a(newlib.o)
                0x000000000000aa80                __syscall_lock_release
 *fill*         0x000000000000aa84        0xc 
 .text.__syscall_lock_acquire_recursive
                0x000000000000aa90        0x4 D:/devkitPro/libnx/lib\libnx.a(newlib.o)
                0x000000000000aa90                __syscall_lock_acquire_recursive
 *fill*         0x000000000000aa94        0xc 
 .text.__syscall_lock_release_recursive
                0x000000000000aaa0        0x4 D:/devkitPro/libnx/lib\libnx.a(newlib.o)
                0x000000000000aaa0                __syscall_lock_release_recursive
 *fill*         0x000000000000aaa4        0xc 
 .text.__libnx_init_time
                0x000000000000aab0      0x27c D:/devkitPro/libnx/lib\libnx.a(newlib.o)
                0x000000000000aab0                __libnx_init_time
 *fill*         0x000000000000ad2c        0x4 
 .text.__syscall_gettod_r
                0x000000000000ad30       0x8c D:/devkitPro/libnx/lib\libnx.a(newlib.o)
                0x000000000000ad30                __syscall_gettod_r
 *fill*         0x000000000000adbc        0x4 
 .text.newlibSetup
                0x000000000000adc0       0x80 D:/devkitPro/libnx/lib\libnx.a(newlib.o)
                0x000000000000adc0                newlibSetup
 .text.argvSetup
                0x000000000000ae40      0x324 D:/devkitPro/libnx/lib\libnx.a(argv.o)
                0x000000000000ae40                argvSetup
 *fill*         0x000000000000b164        0xc 
 .text.fsdev_link
                0x000000000000b170       0x10 D:/devkitPro/libnx/lib\libnx.a(fs_dev.o)
 .text.fsdev_dirreset
                0x000000000000b180       0x10 D:/devkitPro/libnx/lib\libnx.a(fs_dev.o)
 .text.fsdev_chmod
                0x000000000000b190       0x10 D:/devkitPro/libnx/lib\libnx.a(fs_dev.o)
 .text.error_cmp
                0x000000000000b1a0       0x1c D:/devkitPro/libnx/lib\libnx.a(fs_dev.o)
 *fill*         0x000000000000b1bc        0x4 
 .text.fsdev_translate_error
                0x000000000000b1c0       0x58 D:/devkitPro/libnx/lib\libnx.a(fs_dev.o)
 *fill*         0x000000000000b218        0x8 
 .text.fsdev_fsync
                0x000000000000b220       0x40 D:/devkitPro/libnx/lib\libnx.a(fs_dev.o)
 .text.fsdev_ftruncate
                0x000000000000b260       0x60 D:/devkitPro/libnx/lib\libnx.a(fs_dev.o)
 .text.fsdev_dirclose
                0x000000000000b2c0       0x20 D:/devkitPro/libnx/lib\libnx.a(fs_dev.o)
 .text.fsdev_dirnext
                0x000000000000b2e0      0x16c D:/devkitPro/libnx/lib\libnx.a(fs_dev.o)
 *fill*         0x000000000000b44c        0x4 
 .text.fsdev_close
                0x000000000000b450       0x1c D:/devkitPro/libnx/lib\libnx.a(fs_dev.o)
 *fill*         0x000000000000b46c        0x4 
 .text.fsdev_fstat
                0x000000000000b470       0xa4 D:/devkitPro/libnx/lib\libnx.a(fs_dev.o)
 *fill*         0x000000000000b514        0xc 
 .text.fsdev_seek
                0x000000000000b520       0xb0 D:/devkitPro/libnx/lib\libnx.a(fs_dev.o)
 .text.fsdev_read
                0x000000000000b5d0      0x198 D:/devkitPro/libnx/lib\libnx.a(fs_dev.o)
 *fill*         0x000000000000b768        0x8 
 .text.fsdev_write
                0x000000000000b770      0x1a0 D:/devkitPro/libnx/lib\libnx.a(fs_dev.o)
 .text.fsdevFindDevice
                0x000000000000b910      0x120 D:/devkitPro/libnx/lib\libnx.a(fs_dev.o)
 .text._fsdevMountDevice
                0x000000000000ba30      0x140 D:/devkitPro/libnx/lib\libnx.a(fs_dev.o)
 .text.fsdev_getfspath
                0x000000000000bb70      0x1fc D:/devkitPro/libnx/lib\libnx.a(fs_dev.o)
 *fill*         0x000000000000bd6c        0x4 
 .text.fsdev_rmdir
                0x000000000000bd70       0x70 D:/devkitPro/libnx/lib\libnx.a(fs_dev.o)
 .text.fsdev_statvfs
                0x000000000000bde0       0xd4 D:/devkitPro/libnx/lib\libnx.a(fs_dev.o)
 *fill*         0x000000000000beb4        0xc 
 .text.fsdev_diropen
                0x000000000000bec0       0xec D:/devkitPro/libnx/lib\libnx.a(fs_dev.o)
 *fill*         0x000000000000bfac        0x4 
 .text.fsdev_mkdir
                0x000000000000bfb0       0x70 D:/devkitPro/libnx/lib\libnx.a(fs_dev.o)
 .text.fsdev_rename
                0x000000000000c020      0x114 D:/devkitPro/libnx/lib\libnx.a(fs_dev.o)
 *fill*         0x000000000000c134        0xc 
 .text.fsdev_chdir
                0x000000000000c140       0xe8 D:/devkitPro/libnx/lib\libnx.a(fs_dev.o)
 *fill*         0x000000000000c228        0x8 
 .text.fsdev_unlink
                0x000000000000c230       0x70 D:/devkitPro/libnx/lib\libnx.a(fs_dev.o)
 .text.fsdev_stat
                0x000000000000c2a0      0x1bc D:/devkitPro/libnx/lib\libnx.a(fs_dev.o)
 *fill*         0x000000000000c45c        0x4 
 .text.fsdev_open
                0x000000000000c460      0x19c D:/devkitPro/libnx/lib\libnx.a(fs_dev.o)
 *fill*         0x000000000000c5fc        0x4 
 .text._fsdevUnmountDeviceStruct.part.4
                0x000000000000c600       0xb8 D:/devkitPro/libnx/lib\libnx.a(fs_dev.o)
 *fill*         0x000000000000c6b8        0x8 
 .text.fsdev_fchmod
                0x000000000000c6c0       0x10 D:/devkitPro/libnx/lib\libnx.a(fs_dev.o)
 .text.fsdevMountSdmc
                0x000000000000c6d0      0x170 D:/devkitPro/libnx/lib\libnx.a(fs_dev.o)
                0x000000000000c6d0                fsdevMountSdmc
 .text.fsdevUnmountAll
                0x000000000000c840       0x64 D:/devkitPro/libnx/lib\libnx.a(fs_dev.o)
                0x000000000000c840                fsdevUnmountAll
 *fill*         0x000000000000c8a4        0xc 
 .text.decode_utf8
                0x000000000000c8b0      0x12c D:/devkitPro/libnx/lib\libnx.a(decode_utf8.o)
                0x000000000000c8b0                decode_utf8
 .text.armDCacheFlush
                0x000000000000c9dc       0x3c D:/devkitPro/libnx/lib\libnx.a(cache.o)
                0x000000000000c9dc                armDCacheFlush
 .text.__libnx_exception_entry
                0x000000000000ca18      0x1c0 D:/devkitPro/libnx/lib\libnx.a(exception.o)
                0x000000000000ca18                __libnx_exception_entry
 .text.__libnx_exception_returnentry
                0x000000000000cbd8       0x18 D:/devkitPro/libnx/lib\libnx.a(exception.o)
                0x000000000000cbd8                __libnx_exception_returnentry
 .text.__aarch64_read_tp
                0x000000000000cbf0        0xc D:/devkitPro/libnx/lib\libnx.a(readtp.o)
                0x000000000000cbf0                __aarch64_read_tp
 *fill*         0x000000000000cbfc        0x4 
 .text.ipcCloseObjectById
                0x000000000000cc00       0x34 D:/devkitPro/libnx/lib\libnx.a(time.o)
 *fill*         0x000000000000cc34        0xc 
 .text._timeGetSession
                0x000000000000cc40      0x12c D:/devkitPro/libnx/lib\libnx.a(time.o)
 *fill*         0x000000000000cd6c        0x4 
 .text.timeExit
                0x000000000000cd70      0x1ec D:/devkitPro/libnx/lib\libnx.a(time.o)
                0x000000000000cd70                timeExit
 *fill*         0x000000000000cf5c        0x4 
 .text.timeInitialize
                0x000000000000cf60       0xd8 D:/devkitPro/libnx/lib\libnx.a(time.o)
                0x000000000000cf60                timeInitialize
 *fill*         0x000000000000d038        0x8 
 .text.timeGetCurrentTime
                0x000000000000d040      0x124 D:/devkitPro/libnx/lib\libnx.a(time.o)
                0x000000000000d040                timeGetCurrentTime
 *fill*         0x000000000000d164        0xc 
 .text.timeToCalendarTimeWithMyRule
                0x000000000000d170      0x118 D:/devkitPro/libnx/lib\libnx.a(time.o)
                0x000000000000d170                timeToCalendarTimeWithMyRule
 *fill*         0x000000000000d288        0x8 
 .text.ipcCloseObjectById
                0x000000000000d290       0x34 D:/devkitPro/libnx/lib\libnx.a(vi.o)
 *fill*         0x000000000000d2c4        0xc 
 .text._viGetSession.constprop.7
                0x000000000000d2d0      0x134 D:/devkitPro/libnx/lib\libnx.a(vi.o)
 *fill*         0x000000000000d404        0xc 
 .text.viExit   0x000000000000d410      0x1e4 D:/devkitPro/libnx/lib\libnx.a(vi.o)
                0x000000000000d410                viExit
 *fill*         0x000000000000d5f4        0xc 
 .text.viInitialize
                0x000000000000d600      0x2f8 D:/devkitPro/libnx/lib\libnx.a(vi.o)
                0x000000000000d600                viInitialize
 *fill*         0x000000000000d8f8        0x8 
 .text.viGetSession_IHOSBinderDriverRelay
                0x000000000000d900        0xc D:/devkitPro/libnx/lib\libnx.a(vi.o)
                0x000000000000d900                viGetSession_IHOSBinderDriverRelay
 *fill*         0x000000000000d90c        0x4 
 .text.viOpenDisplay
                0x000000000000d910      0x140 D:/devkitPro/libnx/lib\libnx.a(vi.o)
                0x000000000000d910                viOpenDisplay
 .text.viCloseDisplay
                0x000000000000da50      0x104 D:/devkitPro/libnx/lib\libnx.a(vi.o)
                0x000000000000da50                viCloseDisplay
 *fill*         0x000000000000db54        0xc 
 .text.viCloseLayer
                0x000000000000db60      0x104 D:/devkitPro/libnx/lib\libnx.a(vi.o)
                0x000000000000db60                viCloseLayer
 *fill*         0x000000000000dc64        0xc 
 .text.viCreateLayer
                0x000000000000dc70      0x370 D:/devkitPro/libnx/lib\libnx.a(vi.o)
                0x000000000000dc70                viCreateLayer
 .text.viSetLayerScalingMode
                0x000000000000dfe0       0xe8 D:/devkitPro/libnx/lib\libnx.a(vi.o)
                0x000000000000dfe0                viSetLayerScalingMode
 *fill*         0x000000000000e0c8        0x8 
 .text.ipcCloseObjectById
                0x000000000000e0d0       0x34 D:/devkitPro/libnx/lib\libnx.a(nv.o)
 *fill*         0x000000000000e104        0xc 
 .text._nvSetClientPID
                0x000000000000e110       0xd8 D:/devkitPro/libnx/lib\libnx.a(nv.o)
 *fill*         0x000000000000e1e8        0x8 
 .text.ipcQueryPointerBufferSize.constprop.10
                0x000000000000e1f0       0xc8 D:/devkitPro/libnx/lib\libnx.a(nv.o)
 *fill*         0x000000000000e2b8        0x8 
 .text._nvInitialize.constprop.8
                0x000000000000e2c0       0xf0 D:/devkitPro/libnx/lib\libnx.a(nv.o)
 .text.ipcCloneSession.constprop.9
                0x000000000000e3b0      0x10c D:/devkitPro/libnx/lib\libnx.a(nv.o)
 *fill*         0x000000000000e4bc        0x4 
 .text.nvExit   0x000000000000e4c0      0x100 D:/devkitPro/libnx/lib\libnx.a(nv.o)
                0x000000000000e4c0                nvExit
 .text.nvInitialize
                0x000000000000e5c0      0x184 D:/devkitPro/libnx/lib\libnx.a(nv.o)
                0x000000000000e5c0                nvInitialize
 *fill*         0x000000000000e744        0xc 
 .text.nvConvertError
                0x000000000000e750      0x12c D:/devkitPro/libnx/lib\libnx.a(nv.o)
                0x000000000000e750                nvConvertError
 *fill*         0x000000000000e87c        0x4 
 .text.nvOpen   0x000000000000e880      0x12c D:/devkitPro/libnx/lib\libnx.a(nv.o)
                0x000000000000e880                nvOpen
 *fill*         0x000000000000e9ac        0x4 
 .text.nvIoctl  0x000000000000e9b0      0x270 D:/devkitPro/libnx/lib\libnx.a(nv.o)
                0x000000000000e9b0                nvIoctl
 .text.nvClose  0x000000000000ec20       0xdc D:/devkitPro/libnx/lib\libnx.a(nv.o)
                0x000000000000ec20                nvClose
 *fill*         0x000000000000ecfc        0x4 
 .text.nvQueryEvent
                0x000000000000ed00      0x15c D:/devkitPro/libnx/lib\libnx.a(nv.o)
                0x000000000000ed00                nvQueryEvent
 *fill*         0x000000000000ee5c        0x4 
 .text.ipcPrepareHeader
                0x000000000000ee60      0x220 D:/devkitPro/libnx/lib\libnx.a(fs.o)
 .text.ipcParse
                0x000000000000f080      0x22c D:/devkitPro/libnx/lib\libnx.a(fs.o)
 *fill*         0x000000000000f2ac        0x4 
 .text.serviceIpcParse
                0x000000000000f2b0       0xb0 D:/devkitPro/libnx/lib\libnx.a(fs.o)
 .text.ipcCloseObjectById
                0x000000000000f360       0x34 D:/devkitPro/libnx/lib\libnx.a(fs.o)
 *fill*         0x000000000000f394        0xc 
 .text.fsInitialize
                0x000000000000f3a0      0x200 D:/devkitPro/libnx/lib\libnx.a(fs.o)
                0x000000000000f3a0                fsInitialize
 .text.fsExit   0x000000000000f5a0       0x9c D:/devkitPro/libnx/lib\libnx.a(fs.o)
                0x000000000000f5a0                fsExit
 *fill*         0x000000000000f63c        0x4 
 .text.fsMountSdcard
                0x000000000000f640      0x1cc D:/devkitPro/libnx/lib\libnx.a(fs.o)
                0x000000000000f640                fsMountSdcard
 *fill*         0x000000000000f80c        0x4 
 .text.fsFsCreateFile
                0x000000000000f810      0x1a4 D:/devkitPro/libnx/lib\libnx.a(fs.o)
                0x000000000000f810                fsFsCreateFile
 *fill*         0x000000000000f9b4        0xc 
 .text.fsFsDeleteFile
                0x000000000000f9c0      0x19c D:/devkitPro/libnx/lib\libnx.a(fs.o)
                0x000000000000f9c0                fsFsDeleteFile
 *fill*         0x000000000000fb5c        0x4 
 .text.fsFsCreateDirectory
                0x000000000000fb60      0x19c D:/devkitPro/libnx/lib\libnx.a(fs.o)
                0x000000000000fb60                fsFsCreateDirectory
 *fill*         0x000000000000fcfc        0x4 
 .text.fsFsDeleteDirectory
                0x000000000000fd00      0x19c D:/devkitPro/libnx/lib\libnx.a(fs.o)
                0x000000000000fd00                fsFsDeleteDirectory
 *fill*         0x000000000000fe9c        0x4 
 .text.fsFsRenameFile
                0x000000000000fea0      0x214 D:/devkitPro/libnx/lib\libnx.a(fs.o)
                0x000000000000fea0                fsFsRenameFile
 *fill*         0x00000000000100b4        0xc 
 .text.fsFsRenameDirectory
                0x00000000000100c0      0x214 D:/devkitPro/libnx/lib\libnx.a(fs.o)
                0x00000000000100c0                fsFsRenameDirectory
 *fill*         0x00000000000102d4        0xc 
 .text.fsFsGetEntryType
                0x00000000000102e0      0x1b0 D:/devkitPro/libnx/lib\libnx.a(fs.o)
                0x00000000000102e0                fsFsGetEntryType
 .text.fsFsOpenFile
                0x0000000000010490      0x1e4 D:/devkitPro/libnx/lib\libnx.a(fs.o)
                0x0000000000010490                fsFsOpenFile
 *fill*         0x0000000000010674        0xc 
 .text.fsFsOpenDirectory
                0x0000000000010680      0x1f8 D:/devkitPro/libnx/lib\libnx.a(fs.o)
                0x0000000000010680                fsFsOpenDirectory
 *fill*         0x0000000000010878        0x8 
 .text.fsFsGetFreeSpace
                0x0000000000010880      0x1b0 D:/devkitPro/libnx/lib\libnx.a(fs.o)
                0x0000000000010880                fsFsGetFreeSpace
 .text.fsFsGetTotalSpace
                0x0000000000010a30      0x1b0 D:/devkitPro/libnx/lib\libnx.a(fs.o)
                0x0000000000010a30                fsFsGetTotalSpace
 .text.fsFsGetFileTimeStampRaw
                0x0000000000010be0      0x194 D:/devkitPro/libnx/lib\libnx.a(fs.o)
                0x0000000000010be0                fsFsGetFileTimeStampRaw
 *fill*         0x0000000000010d74        0xc 
 .text.fsFsClose
                0x0000000000010d80       0x6c D:/devkitPro/libnx/lib\libnx.a(fs.o)
                0x0000000000010d80                fsFsClose
 *fill*         0x0000000000010dec        0x4 
 .text.fsFileRead
                0x0000000000010df0      0x1f0 D:/devkitPro/libnx/lib\libnx.a(fs.o)
                0x0000000000010df0                fsFileRead
 .text.fsFileWrite
                0x0000000000010fe0      0x1b8 D:/devkitPro/libnx/lib\libnx.a(fs.o)
                0x0000000000010fe0                fsFileWrite
 *fill*         0x0000000000011198        0x8 
 .text.fsFileFlush
                0x00000000000111a0      0x16c D:/devkitPro/libnx/lib\libnx.a(fs.o)
                0x00000000000111a0                fsFileFlush
 *fill*         0x000000000001130c        0x4 
 .text.fsFileSetSize
                0x0000000000011310      0x174 D:/devkitPro/libnx/lib\libnx.a(fs.o)
                0x0000000000011310                fsFileSetSize
 *fill*         0x0000000000011484        0xc 
 .text.fsFileGetSize
                0x0000000000011490      0x194 D:/devkitPro/libnx/lib\libnx.a(fs.o)
                0x0000000000011490                fsFileGetSize
 *fill*         0x0000000000011624        0xc 
 .text.fsFileClose
                0x0000000000011630       0x6c D:/devkitPro/libnx/lib\libnx.a(fs.o)
                0x0000000000011630                fsFileClose
 *fill*         0x000000000001169c        0x4 
 .text.fsDirClose
                0x00000000000116a0       0x6c D:/devkitPro/libnx/lib\libnx.a(fs.o)
                0x00000000000116a0                fsDirClose
 *fill*         0x000000000001170c        0x4 
 .text.fsDirRead
                0x0000000000011710      0x1ec D:/devkitPro/libnx/lib\libnx.a(fs.o)
                0x0000000000011710                fsDirRead
 *fill*         0x00000000000118fc        0x4 
 .text.ipcCloseObjectById
                0x0000000000011900       0x34 D:/devkitPro/libnx/lib\libnx.a(set.o)
 *fill*         0x0000000000011934        0xc 
 .text._setsysGetFirmwareVersionImpl
                0x0000000000011940      0x1d4 D:/devkitPro/libnx/lib\libnx.a(set.o)
 *fill*         0x0000000000011b14        0xc 
 .text.setsysInitialize
                0x0000000000011b20       0x3c D:/devkitPro/libnx/lib\libnx.a(set.o)
                0x0000000000011b20                setsysInitialize
 *fill*         0x0000000000011b5c        0x4 
 .text.setsysExit
                0x0000000000011b60       0x9c D:/devkitPro/libnx/lib\libnx.a(set.o)
                0x0000000000011b60                setsysExit
 *fill*         0x0000000000011bfc        0x4 
 .text.setsysGetFirmwareVersion
                0x0000000000011c00       0x44 D:/devkitPro/libnx/lib\libnx.a(set.o)
                0x0000000000011c00                setsysGetFirmwareVersion
 *fill*         0x0000000000011c44        0xc 
 .text._nvFenceEventWaitCommon
                0x0000000000011c50       0x60 D:/devkitPro/libnx/lib\libnx.a(fence.o)
 .text.nvFenceInit
                0x0000000000011cb0       0x5c D:/devkitPro/libnx/lib\libnx.a(fence.o)
                0x0000000000011cb0                nvFenceInit
 *fill*         0x0000000000011d0c        0x4 
 .text.nvFenceExit
                0x0000000000011d10       0x98 D:/devkitPro/libnx/lib\libnx.a(fence.o)
                0x0000000000011d10                nvFenceExit
 *fill*         0x0000000000011da8        0x8 
 .text.nvFenceWait
                0x0000000000011db0      0x1e4 D:/devkitPro/libnx/lib\libnx.a(fence.o)
                0x0000000000011db0                nvFenceWait
 *fill*         0x0000000000011f94        0xc 
 .text.nvMultiFenceWait
                0x0000000000011fa0       0x7c D:/devkitPro/libnx/lib\libnx.a(fence.o)
                0x0000000000011fa0                nvMultiFenceWait
 *fill*         0x000000000001201c        0x4 
 .text.nvMapInit
                0x0000000000012020       0x6c D:/devkitPro/libnx/lib\libnx.a(map.o)
                0x0000000000012020                nvMapInit
 *fill*         0x000000000001208c        0x4 
 .text.nvMapExit
                0x0000000000012090       0x68 D:/devkitPro/libnx/lib\libnx.a(map.o)
                0x0000000000012090                nvMapExit
 *fill*         0x00000000000120f8        0x8 
 .text.nvMapClose
                0x0000000000012100       0x84 D:/devkitPro/libnx/lib\libnx.a(map.o)
                0x0000000000012100                nvMapClose
 *fill*         0x0000000000012184        0xc 
 .text.nvMapCreate
                0x0000000000012190      0x150 D:/devkitPro/libnx/lib\libnx.a(map.o)
                0x0000000000012190                nvMapCreate
 .text.nvioctlNvhostCtrl_EventSignal
                0x00000000000122e0       0x24 D:/devkitPro/libnx/lib\libnx.a(nvhost-ctrl.o)
                0x00000000000122e0                nvioctlNvhostCtrl_EventSignal
 *fill*         0x0000000000012304        0xc 
 .text.nvioctlNvhostCtrl_EventWait
                0x0000000000012310       0x3c D:/devkitPro/libnx/lib\libnx.a(nvhost-ctrl.o)
                0x0000000000012310                nvioctlNvhostCtrl_EventWait
 *fill*         0x000000000001234c        0x4 
 .text.nvioctlNvhostCtrl_EventWaitAsync
                0x0000000000012350       0x28 D:/devkitPro/libnx/lib\libnx.a(nvhost-ctrl.o)
                0x0000000000012350                nvioctlNvhostCtrl_EventWaitAsync
 *fill*         0x0000000000012378        0x8 
 .text.nvioctlNvhostCtrl_EventRegister
                0x0000000000012380       0x24 D:/devkitPro/libnx/lib\libnx.a(nvhost-ctrl.o)
                0x0000000000012380                nvioctlNvhostCtrl_EventRegister
 *fill*         0x00000000000123a4        0xc 
 .text.nvioctlNvhostCtrl_EventUnregister
                0x00000000000123b0       0x24 D:/devkitPro/libnx/lib\libnx.a(nvhost-ctrl.o)
                0x00000000000123b0                nvioctlNvhostCtrl_EventUnregister
 *fill*         0x00000000000123d4        0xc 
 .text.nvioctlNvmap_Create
                0x00000000000123e0       0x3c D:/devkitPro/libnx/lib\libnx.a(nvmap.o)
                0x00000000000123e0                nvioctlNvmap_Create
 *fill*         0x000000000001241c        0x4 
 .text.nvioctlNvmap_Alloc
                0x0000000000012420       0x30 D:/devkitPro/libnx/lib\libnx.a(nvmap.o)
                0x0000000000012420                nvioctlNvmap_Alloc
 .text.nvioctlNvmap_Free
                0x0000000000012450       0x30 D:/devkitPro/libnx/lib\libnx.a(nvmap.o)
                0x0000000000012450                nvioctlNvmap_Free
 .text.nvioctlNvmap_GetId
                0x0000000000012480       0x3c D:/devkitPro/libnx/lib\libnx.a(nvmap.o)
                0x0000000000012480                nvioctlNvmap_GetId
 *fill*         0x00000000000124bc        0x4 
 .text.bqRequestBuffer
                0x00000000000124c0       0xe8 D:/devkitPro/libnx/lib\libnx.a(buffer_producer.o)
                0x00000000000124c0                bqRequestBuffer
 *fill*         0x00000000000125a8        0x8 
 .text.bqDequeueBuffer
                0x00000000000125b0      0x154 D:/devkitPro/libnx/lib\libnx.a(buffer_producer.o)
                0x00000000000125b0                bqDequeueBuffer
 *fill*         0x0000000000012704        0xc 
 .text.bqDetachBuffer
                0x0000000000012710       0x9c D:/devkitPro/libnx/lib\libnx.a(buffer_producer.o)
                0x0000000000012710                bqDetachBuffer
 *fill*         0x00000000000127ac        0x4 
 .text.bqQueueBuffer
                0x00000000000127b0       0xe0 D:/devkitPro/libnx/lib\libnx.a(buffer_producer.o)
                0x00000000000127b0                bqQueueBuffer
 .text.bqCancelBuffer
                0x0000000000012890       0x90 D:/devkitPro/libnx/lib\libnx.a(buffer_producer.o)
                0x0000000000012890                bqCancelBuffer
 .text.bqConnect
                0x0000000000012920       0xe4 D:/devkitPro/libnx/lib\libnx.a(buffer_producer.o)
                0x0000000000012920                bqConnect
 *fill*         0x0000000000012a04        0xc 
 .text.bqDisconnect
                0x0000000000012a10       0x9c D:/devkitPro/libnx/lib\libnx.a(buffer_producer.o)
                0x0000000000012a10                bqDisconnect
 *fill*         0x0000000000012aac        0x4 
 .text.bqSetPreallocatedBuffer
                0x0000000000012ab0      0x178 D:/devkitPro/libnx/lib\libnx.a(buffer_producer.o)
                0x0000000000012ab0                bqSetPreallocatedBuffer
 *fill*         0x0000000000012c28        0x8 
 .text._binderTransactParcel
                0x0000000000012c30      0x138 D:/devkitPro/libnx/lib\libnx.a(binder.o)
 *fill*         0x0000000000012d68        0x8 
 .text.ipcQueryPointerBufferSize
                0x0000000000012d70       0xc8 D:/devkitPro/libnx/lib\libnx.a(binder.o)
 *fill*         0x0000000000012e38        0x8 
 .text._binderTransactParcelAuto
                0x0000000000012e40      0x248 D:/devkitPro/libnx/lib\libnx.a(binder.o)
 *fill*         0x0000000000013088        0x8 
 .text.binderCreate
                0x0000000000013090       0x14 D:/devkitPro/libnx/lib\libnx.a(binder.o)
                0x0000000000013090                binderCreate
 *fill*         0x00000000000130a4        0xc 
 .text.binderTransactParcel
                0x00000000000130b0       0x10 D:/devkitPro/libnx/lib\libnx.a(binder.o)
                0x00000000000130b0                binderTransactParcel
 .text.binderConvertErrorCode
                0x00000000000130c0      0x124 D:/devkitPro/libnx/lib\libnx.a(binder.o)
                0x00000000000130c0                binderConvertErrorCode
 *fill*         0x00000000000131e4        0xc 
 .text.binderAdjustRefcount
                0x00000000000131f0       0xe8 D:/devkitPro/libnx/lib\libnx.a(binder.o)
                0x00000000000131f0                binderAdjustRefcount
 *fill*         0x00000000000132d8        0x8 
 .text.binderClose
                0x00000000000132e0       0x74 D:/devkitPro/libnx/lib\libnx.a(binder.o)
                0x00000000000132e0                binderClose
 *fill*         0x0000000000013354        0xc 
 .text.binderInitSession
                0x0000000000013360       0xc8 D:/devkitPro/libnx/lib\libnx.a(binder.o)
                0x0000000000013360                binderInitSession
 *fill*         0x0000000000013428        0x8 
 .text.binderGetNativeHandle
                0x0000000000013430      0x144 D:/devkitPro/libnx/lib\libnx.a(binder.o)
                0x0000000000013430                binderGetNativeHandle
 *fill*         0x0000000000013574        0xc 
 .text.parcelCreate
                0x0000000000013580       0x28 D:/devkitPro/libnx/lib\libnx.a(parcel.o)
                0x0000000000013580                parcelCreate
 *fill*         0x00000000000135a8        0x8 
 .text.parcelTransact
                0x00000000000135b0      0x19c D:/devkitPro/libnx/lib\libnx.a(parcel.o)
                0x00000000000135b0                parcelTransact
 *fill*         0x000000000001374c        0x4 
 .text.parcelWriteData
                0x0000000000013750       0x88 D:/devkitPro/libnx/lib\libnx.a(parcel.o)
                0x0000000000013750                parcelWriteData
 *fill*         0x00000000000137d8        0x8 
 .text.parcelReadData
                0x00000000000137e0       0x98 D:/devkitPro/libnx/lib\libnx.a(parcel.o)
                0x00000000000137e0                parcelReadData
 *fill*         0x0000000000013878        0x8 
 .text.parcelWriteInt32
                0x0000000000013880       0x20 D:/devkitPro/libnx/lib\libnx.a(parcel.o)
                0x0000000000013880                parcelWriteInt32
 .text.parcelWriteUInt32
                0x00000000000138a0       0x20 D:/devkitPro/libnx/lib\libnx.a(parcel.o)
                0x00000000000138a0                parcelWriteUInt32
 .text.parcelWriteString16
                0x00000000000138c0       0x80 D:/devkitPro/libnx/lib\libnx.a(parcel.o)
                0x00000000000138c0                parcelWriteString16
 .text.parcelWriteInterfaceToken
                0x0000000000013940       0x30 D:/devkitPro/libnx/lib\libnx.a(parcel.o)
                0x0000000000013940                parcelWriteInterfaceToken
 .text.parcelReadInt32
                0x0000000000013970       0x24 D:/devkitPro/libnx/lib\libnx.a(parcel.o)
                0x0000000000013970                parcelReadInt32
 *fill*         0x0000000000013994        0xc 
 .text.parcelReadFlattenedObject
                0x00000000000139a0       0x68 D:/devkitPro/libnx/lib\libnx.a(parcel.o)
                0x00000000000139a0                parcelReadFlattenedObject
 *fill*         0x0000000000013a08        0x8 
 .text.parcelWriteFlattenedObject
                0x0000000000013a10       0x44 D:/devkitPro/libnx/lib\libnx.a(parcel.o)
                0x0000000000013a10                parcelWriteFlattenedObject
 *fill*         0x0000000000013a54        0xc 
 .text.nxlinkSetup
                0x0000000000013a60       0xc4 D:/devkitPro/libnx/lib\libnx.a(nxlink.o)
                0x0000000000013a60                nxlinkSetup
 *fill*         0x0000000000013b24        0x4 
 .text.abort    0x0000000000013b28       0x18 d:/devkitpro/devkita64/bin/../lib/gcc/aarch64-none-elf/8.3.0/../../../../aarch64-none-elf/lib/pic\libg.a(lib_a-abort.o)
                0x0000000000013b28                abort
 .text.aligned_alloc
                0x0000000000013b40       0x38 d:/devkitpro/devkita64/bin/../lib/gcc/aarch64-none-elf/8.3.0/../../../../aarch64-none-elf/lib/pic\libg.a(lib_a-aligned_alloc.o)
                0x0000000000013b40                aligned_alloc
 .text.bsearch  0x0000000000013b78       0xb8 d:/devkitpro/devkita64/bin/../lib/gcc/aarch64-none-elf/8.3.0/../../../../aarch64-none-elf/lib/pic\libg.a(lib_a-bsearch.o)
                0x0000000000013b78                bsearch
 .text.calloc   0x0000000000013c30       0x30 d:/devkitpro/devkita64/bin/../lib/gcc/aarch64-none-elf/8.3.0/../../../../aarch64-none-elf/lib/pic\libg.a(lib_a-calloc.o)
                0x0000000000013c30                calloc
 .text._calloc_r
                0x0000000000013c60       0x94 d:/devkitpro/devkita64/bin/../lib/gcc/aarch64-none-elf/8.3.0/../../../../aarch64-none-elf/lib/pic\libg.a(lib_a-callocr.o)
                0x0000000000013c60                _calloc_r
 *fill*         0x0000000000013cf4        0x4 
 .text.__errno  0x0000000000013cf8       0x14 d:/devkitpro/devkita64/bin/../lib/gcc/aarch64-none-elf/8.3.0/../../../../aarch64-none-elf/lib/pic\libg.a(lib_a-errno.o)
                0x0000000000013cf8                __errno
 *fill*         0x0000000000013d0c        0x4 
 .text.__libc_fini_array
                0x0000000000013d10       0x44 d:/devkitpro/devkita64/bin/../lib/gcc/aarch64-none-elf/8.3.0/../../../../aarch64-none-elf/lib/pic\libg.a(lib_a-fini.o)
                0x0000000000013d10                __libc_fini_array
 *fill*         0x0000000000013d54        0x4 
 .text._fwrite_r
                0x0000000000013d58       0xe0 d:/devkitpro/devkita64/bin/../lib/gcc/aarch64-none-elf/8.3.0/../../../../aarch64-none-elf/lib/pic\libg.a(lib_a-fwrite.o)
                0x0000000000013d58                _fwrite_r
 .text.fwrite   0x0000000000013e38       0x40 d:/devkitpro/devkita64/bin/../lib/gcc/aarch64-none-elf/8.3.0/../../../../aarch64-none-elf/lib/pic\libg.a(lib_a-fwrite.o)
                0x0000000000013e38                fwrite
 .text.gmtime   0x0000000000013e78       0x28 d:/devkitpro/devkita64/bin/../lib/gcc/aarch64-none-elf/8.3.0/../../../../aarch64-none-elf/lib/pic\libg.a(lib_a-gmtime.o)
                0x0000000000013e78                gmtime
 .text.gmtime_r
                0x0000000000013ea0      0x290 d:/devkitpro/devkita64/bin/../lib/gcc/aarch64-none-elf/8.3.0/../../../../aarch64-none-elf/lib/pic\libg.a(lib_a-gmtime_r.o)
                0x0000000000013ea0                gmtime_r
 .text.__libc_init_array
                0x0000000000014130       0x8c d:/devkitpro/devkita64/bin/../lib/gcc/aarch64-none-elf/8.3.0/../../../../aarch64-none-elf/lib/pic\libg.a(lib_a-init.o)
                0x0000000000014130                __libc_init_array
 *fill*         0x00000000000141bc        0x4 
 .text.localtime
                0x00000000000141c0       0x28 d:/devkitpro/devkita64/bin/../lib/gcc/aarch64-none-elf/8.3.0/../../../../aarch64-none-elf/lib/pic\libg.a(lib_a-lcltime.o)
                0x00000000000141c0                localtime
 .text.localtime_r
                0x00000000000141e8      0x380 d:/devkitpro/devkita64/bin/../lib/gcc/aarch64-none-elf/8.3.0/../../../../aarch64-none-elf/lib/pic\libg.a(lib_a-lcltime_r.o)
                0x00000000000141e8                localtime_r
 .text.memalign
                0x0000000000014568       0x30 d:/devkitpro/devkita64/bin/../lib/gcc/aarch64-none-elf/8.3.0/../../../../aarch64-none-elf/lib/pic\libg.a(lib_a-malign.o)
                0x0000000000014568                memalign
 .text._memalign_r
                0x0000000000014598      0x198 d:/devkitpro/devkita64/bin/../lib/gcc/aarch64-none-elf/8.3.0/../../../../aarch64-none-elf/lib/pic\libg.a(lib_a-malignr.o)
                0x0000000000014598                _memalign_r
 .text.malloc   0x0000000000014730       0x1c d:/devkitpro/devkita64/bin/../lib/gcc/aarch64-none-elf/8.3.0/../../../../aarch64-none-elf/lib/pic\libg.a(lib_a-malloc.o)
                0x0000000000014730                malloc
 *fill*         0x000000000001474c        0x4 
 .text.free     0x0000000000014750       0x1c d:/devkitpro/devkita64/bin/../lib/gcc/aarch64-none-elf/8.3.0/../../../../aarch64-none-elf/lib/pic\libg.a(lib_a-malloc.o)
                0x0000000000014750                free
 *fill*         0x000000000001476c        0x4 
 .text._malloc_r
                0x0000000000014770      0x87c d:/devkitpro/devkita64/bin/../lib/gcc/aarch64-none-elf/8.3.0/../../../../aarch64-none-elf/lib/pic\libg.a(lib_a-mallocr.o)
                0x0000000000014770                _malloc_r
 .text          0x0000000000014fec       0xd8 d:/devkitpro/devkita64/bin/../lib/gcc/aarch64-none-elf/8.3.0/../../../../aarch64-none-elf/lib/pic\libg.a(lib_a-memchr.o)
                0x0000000000014fec                memchr
 *fill*         0x00000000000150c4       0x3c 
 .text          0x0000000000015100      0x16c d:/devkitpro/devkita64/bin/../lib/gcc/aarch64-none-elf/8.3.0/../../../../aarch64-none-elf/lib/pic\libg.a(lib_a-memcpy.o)
                0x0000000000015100                memcpy
 *fill*         0x000000000001526c       0x14 
 .text          0x0000000000015280      0x1dc d:/devkitpro/devkita64/bin/../lib/gcc/aarch64-none-elf/8.3.0/../../../../aarch64-none-elf/lib/pic\libg.a(lib_a-memset.o)
                0x0000000000015280                memset
 *fill*         0x000000000001545c        0x4 
 .text.__malloc_lock
                0x0000000000015460        0xc d:/devkitpro/devkita64/bin/../lib/gcc/aarch64-none-elf/8.3.0/../../../../aarch64-none-elf/lib/pic\libg.a(lib_a-mlock.o)
                0x0000000000015460                __malloc_lock
 *fill*         0x000000000001546c        0x4 
 .text.__malloc_unlock
                0x0000000000015470        0xc d:/devkitpro/devkita64/bin/../lib/gcc/aarch64-none-elf/8.3.0/../../../../aarch64-none-elf/lib/pic\libg.a(lib_a-mlock.o)
                0x0000000000015470                __malloc_unlock
 *fill*         0x000000000001547c        0x4 
 .text.printf   0x0000000000015480       0x8c d:/devkitpro/devkita64/bin/../lib/gcc/aarch64-none-elf/8.3.0/../../../../aarch64-none-elf/lib/pic\libg.a(lib_a-printf.o)
                0x0000000000015480                printf
 *fill*         0x000000000001550c        0x4 
 .text.putchar  0x0000000000015510       0x20 d:/devkitpro/devkita64/bin/../lib/gcc/aarch64-none-elf/8.3.0/../../../../aarch64-none-elf/lib/pic\libg.a(lib_a-putchar.o)
                0x0000000000015510                putchar
 .text._putc_r  0x0000000000015530       0xe0 d:/devkitpro/devkita64/bin/../lib/gcc/aarch64-none-elf/8.3.0/../../../../aarch64-none-elf/lib/pic\libg.a(lib_a-putc.o)
                0x0000000000015530                _putc_r
 .text._puts_r  0x0000000000015610       0xd4 d:/devkitpro/devkita64/bin/../lib/gcc/aarch64-none-elf/8.3.0/../../../../aarch64-none-elf/lib/pic\libg.a(lib_a-puts.o)
                0x0000000000015610                _puts_r
 *fill*         0x00000000000156e4        0x4 
 .text.puts     0x00000000000156e8       0x1c d:/devkitpro/devkita64/bin/../lib/gcc/aarch64-none-elf/8.3.0/../../../../aarch64-none-elf/lib/pic\libg.a(lib_a-puts.o)
                0x00000000000156e8                puts
 *fill*         0x0000000000015704        0x4 
 .text.setenv   0x0000000000015708       0x3c d:/devkitpro/devkita64/bin/../lib/gcc/aarch64-none-elf/8.3.0/../../../../aarch64-none-elf/lib/pic\libg.a(lib_a-setenv.o)
                0x0000000000015708                setenv
 *fill*         0x0000000000015744        0x4 
 .text._setenv_r
                0x0000000000015748      0x264 d:/devkitpro/devkita64/bin/../lib/gcc/aarch64-none-elf/8.3.0/../../../../aarch64-none-elf/lib/pic\libg.a(lib_a-setenv_r.o)
                0x0000000000015748                _setenv_r
 *fill*         0x00000000000159ac        0x4 
 .text.setvbuf  0x00000000000159b0      0x25c d:/devkitpro/devkita64/bin/../lib/gcc/aarch64-none-elf/8.3.0/../../../../aarch64-none-elf/lib/pic\libg.a(lib_a-setvbuf.o)
                0x00000000000159b0                setvbuf
 *fill*         0x0000000000015c0c        0x4 
 .text._raise_r
                0x0000000000015c10       0xb4 d:/devkitpro/devkita64/bin/../lib/gcc/aarch64-none-elf/8.3.0/../../../../aarch64-none-elf/lib/pic\libg.a(lib_a-signal.o)
                0x0000000000015c10                _raise_r
 *fill*         0x0000000000015cc4        0x4 
 .text.raise    0x0000000000015cc8       0x1c d:/devkitpro/devkita64/bin/../lib/gcc/aarch64-none-elf/8.3.0/../../../../aarch64-none-elf/lib/pic\libg.a(lib_a-signal.o)
                0x0000000000015cc8                raise
 *fill*         0x0000000000015ce4        0x4 
 .text.sscanf   0x0000000000015ce8       0xbc d:/devkitpro/devkita64/bin/../lib/gcc/aarch64-none-elf/8.3.0/../../../../aarch64-none-elf/lib/pic\libg.a(lib_a-sscanf.o)
                0x0000000000015ce8                sscanf
 *fill*         0x0000000000015da4        0x4 
 .text.__sread  0x0000000000015da8       0x50 d:/devkitpro/devkita64/bin/../lib/gcc/aarch64-none-elf/8.3.0/../../../../aarch64-none-elf/lib/pic\libg.a(lib_a-stdio.o)
                0x0000000000015da8                __sread
 .text.__seofread
                0x0000000000015df8        0x8 d:/devkitpro/devkita64/bin/../lib/gcc/aarch64-none-elf/8.3.0/../../../../aarch64-none-elf/lib/pic\libg.a(lib_a-stdio.o)
                0x0000000000015df8                __seofread
 .text.__swrite
                0x0000000000015e00       0x6c d:/devkitpro/devkita64/bin/../lib/gcc/aarch64-none-elf/8.3.0/../../../../aarch64-none-elf/lib/pic\libg.a(lib_a-stdio.o)
                0x0000000000015e00                __swrite
 *fill*         0x0000000000015e6c        0x4 
 .text.__sseek  0x0000000000015e70       0x50 d:/devkitpro/devkita64/bin/../lib/gcc/aarch64-none-elf/8.3.0/../../../../aarch64-none-elf/lib/pic\libg.a(lib_a-stdio.o)
                0x0000000000015e70                __sseek
 .text.__sclose
                0x0000000000015ec0        0x8 d:/devkitpro/devkita64/bin/../lib/gcc/aarch64-none-elf/8.3.0/../../../../aarch64-none-elf/lib/pic\libg.a(lib_a-stdio.o)
                0x0000000000015ec0                __sclose
 .text          0x0000000000015ec8       0xdc d:/devkitpro/devkita64/bin/../lib/gcc/aarch64-none-elf/8.3.0/../../../../aarch64-none-elf/lib/pic\libg.a(lib_a-strchr.o)
                0x0000000000015ec8                strchr
 *fill*         0x0000000000015fa4       0x1c 
 .text          0x0000000000015fc0      0x1b8 d:/devkitpro/devkita64/bin/../lib/gcc/aarch64-none-elf/8.3.0/../../../../aarch64-none-elf/lib/pic\libg.a(lib_a-strcpy.o)
                0x0000000000015fc0                strcpy
 .text.iso_year_adjust
                0x0000000000016178      0x170 d:/devkitpro/devkita64/bin/../lib/gcc/aarch64-none-elf/8.3.0/../../../../aarch64-none-elf/lib/pic\libg.a(lib_a-strftime.o)
 .text.__strftime
                0x00000000000162e8      0xf18 d:/devkitpro/devkita64/bin/../lib/gcc/aarch64-none-elf/8.3.0/../../../../aarch64-none-elf/lib/pic\libg.a(lib_a-strftime.o)
 .text.strftime
                0x0000000000017200       0x48 d:/devkitpro/devkita64/bin/../lib/gcc/aarch64-none-elf/8.3.0/../../../../aarch64-none-elf/lib/pic\libg.a(lib_a-strftime.o)
                0x0000000000017200                strftime
 *fill*         0x0000000000017248       0x38 
 .text          0x0000000000017280      0x140 d:/devkitpro/devkita64/bin/../lib/gcc/aarch64-none-elf/8.3.0/../../../../aarch64-none-elf/lib/pic\libg.a(lib_a-strlen.o)
                0x0000000000017280                strlen
 .text.strncat  0x00000000000173c0       0x84 d:/devkitpro/devkita64/bin/../lib/gcc/aarch64-none-elf/8.3.0/../../../../aarch64-none-elf/lib/pic\libg.a(lib_a-strncat.o)
                0x00000000000173c0                strncat
 *fill*         0x0000000000017444       0x3c 
 .text          0x0000000000017480      0x1d4 d:/devkitpro/devkita64/bin/../lib/gcc/aarch64-none-elf/8.3.0/../../../../aarch64-none-elf/lib/pic\libg.a(lib_a-strncmp.o)
                0x000000000001749c                strncmp
 *fill*         0x0000000000017654        0x4 
 .text.strncpy  0x0000000000017658       0xa8 d:/devkitpro/devkita64/bin/../lib/gcc/aarch64-none-elf/8.3.0/../../../../aarch64-none-elf/lib/pic\libg.a(lib_a-strncpy.o)
                0x0000000000017658                strncpy
 .text          0x0000000000017700       0xe0 d:/devkitpro/devkita64/bin/../lib/gcc/aarch64-none-elf/8.3.0/../../../../aarch64-none-elf/lib/pic\libg.a(lib_a-strnlen.o)
                0x0000000000017724                strnlen
 .text._strtoul_l.isra.0
                0x00000000000177e0      0x1ac d:/devkitpro/devkita64/bin/../lib/gcc/aarch64-none-elf/8.3.0/../../../../aarch64-none-elf/lib/pic\libg.a(lib_a-strtoul.o)
 *fill*         0x000000000001798c        0x4 
 .text._strtoul_r
                0x0000000000017990       0x34 d:/devkitpro/devkita64/bin/../lib/gcc/aarch64-none-elf/8.3.0/../../../../aarch64-none-elf/lib/pic\libg.a(lib_a-strtoul.o)
                0x0000000000017990                _strtoul_r
 *fill*         0x00000000000179c4        0x4 
 .text.strtoul  0x00000000000179c8       0x48 d:/devkitpro/devkita64/bin/../lib/gcc/aarch64-none-elf/8.3.0/../../../../aarch64-none-elf/lib/pic\libg.a(lib_a-strtoul.o)
                0x00000000000179c8                strtoul
 .text.get_arg  0x0000000000017a10       0x5c d:/devkitpro/devkita64/bin/../lib/gcc/aarch64-none-elf/8.3.0/../../../../aarch64-none-elf/lib/pic\libg.a(lib_a-svfscanf.o)
 .text.__ssvfscanf_r
                0x0000000000017a6c     0x2fd8 d:/devkitpro/devkita64/bin/../lib/gcc/aarch64-none-elf/8.3.0/../../../../aarch64-none-elf/lib/pic\libg.a(lib_a-svfscanf.o)
                0x0000000000017a6c                __ssvfscanf_r
 *fill*         0x000000000001aa44        0x4 
 .text.time     0x000000000001aa48       0x40 d:/devkitpro/devkita64/bin/../lib/gcc/aarch64-none-elf/8.3.0/../../../../aarch64-none-elf/lib/pic\libg.a(lib_a-time.o)
                0x000000000001aa48                time
 .text.__tzcalc_limits
                0x000000000001aa88      0x230 d:/devkitpro/devkita64/bin/../lib/gcc/aarch64-none-elf/8.3.0/../../../../aarch64-none-elf/lib/pic\libg.a(lib_a-tzcalc_limits.o)
                0x000000000001aa88                __tzcalc_limits
 .text.__tz_lock
                0x000000000001acb8        0xc d:/devkitpro/devkita64/bin/../lib/gcc/aarch64-none-elf/8.3.0/../../../../aarch64-none-elf/lib/pic\libg.a(lib_a-tzlock.o)
                0x000000000001acb8                __tz_lock
 *fill*         0x000000000001acc4        0x4 
 .text.__tz_unlock
                0x000000000001acc8        0xc d:/devkitpro/devkita64/bin/../lib/gcc/aarch64-none-elf/8.3.0/../../../../aarch64-none-elf/lib/pic\libg.a(lib_a-tzlock.o)
                0x000000000001acc8                __tz_unlock
 *fill*         0x000000000001acd4        0x4 
 .text._tzset_unlocked
                0x000000000001acd8       0x14 d:/devkitpro/devkita64/bin/../lib/gcc/aarch64-none-elf/8.3.0/../../../../aarch64-none-elf/lib/pic\libg.a(lib_a-tzset.o)
                0x000000000001acd8                _tzset_unlocked
 *fill*         0x000000000001acec        0x4 
 .text._tzset_unlocked_r
                0x000000000001acf0      0x50c d:/devkitpro/devkita64/bin/../lib/gcc/aarch64-none-elf/8.3.0/../../../../aarch64-none-elf/lib/pic\libg.a(lib_a-tzset_r.o)
                0x000000000001acf0                _tzset_unlocked_r
 .text.get_arg  0x000000000001b1fc      0x76c d:/devkitpro/devkita64/bin/../lib/gcc/aarch64-none-elf/8.3.0/../../../../aarch64-none-elf/lib/pic\libg.a(lib_a-vfprintf.o)
 .text._vfprintf_r
                0x000000000001b968     0x3c28 d:/devkitpro/devkita64/bin/../lib/gcc/aarch64-none-elf/8.3.0/../../../../aarch64-none-elf/lib/pic\libg.a(lib_a-vfprintf.o)
                0x000000000001b968                _vfprintf_r
 .text.__sbprintf
                0x000000000001f590       0xec d:/devkitpro/devkita64/bin/../lib/gcc/aarch64-none-elf/8.3.0/../../../../aarch64-none-elf/lib/pic\libg.a(lib_a-vfprintf.o)
 *fill*         0x000000000001f67c        0x4 
 .text.__swbuf_r
                0x000000000001f680      0x118 d:/devkitpro/devkita64/bin/../lib/gcc/aarch64-none-elf/8.3.0/../../../../aarch64-none-elf/lib/pic\libg.a(lib_a-wbuf.o)
                0x000000000001f680                __swbuf_r
 .text._wcrtomb_r
                0x000000000001f798       0xd0 d:/devkitpro/devkita64/bin/../lib/gcc/aarch64-none-elf/8.3.0/../../../../aarch64-none-elf/lib/pic\libg.a(lib_a-wcrtomb.o)
                0x000000000001f798                _wcrtomb_r
 .text._wcsrtombs_r
                0x000000000001f868       0x10 d:/devkitpro/devkita64/bin/../lib/gcc/aarch64-none-elf/8.3.0/../../../../aarch64-none-elf/lib/pic\libg.a(lib_a-wcsrtombs.o)
                0x000000000001f868                _wcsrtombs_r
 .text.__swsetup_r
                0x000000000001f878      0x140 d:/devkitpro/devkita64/bin/../lib/gcc/aarch64-none-elf/8.3.0/../../../../aarch64-none-elf/lib/pic\libg.a(lib_a-wsetup.o)
                0x000000000001f878                __swsetup_r
 .text.abs      0x000000000001f9b8        0xc d:/devkitpro/devkita64/bin/../lib/gcc/aarch64-none-elf/8.3.0/../../../../aarch64-none-elf/lib/pic\libg.a(lib_a-abs.o)
                0x000000000001f9b8                abs
 *fill*         0x000000000001f9c4        0x4 
 .text.__call_exitprocs
                0x000000000001f9c8      0x124 d:/devkitpro/devkita64/bin/../lib/gcc/aarch64-none-elf/8.3.0/../../../../aarch64-none-elf/lib/pic\libg.a(lib_a-__call_atexit.o)
                0x000000000001f9c8                __call_exitprocs
 *fill*         0x000000000001faec        0x4 
 .text.quorem   0x000000000001faf0      0x1a8 d:/devkitpro/devkita64/bin/../lib/gcc/aarch64-none-elf/8.3.0/../../../../aarch64-none-elf/lib/pic\libg.a(lib_a-dtoa.o)
 .text._dtoa_r  0x000000000001fc98     0x10dc d:/devkitpro/devkita64/bin/../lib/gcc/aarch64-none-elf/8.3.0/../../../../aarch64-none-elf/lib/pic\libg.a(lib_a-dtoa.o)
                0x000000000001fc98                _dtoa_r
 *fill*         0x0000000000020d74        0x4 
 .text.__env_lock
                0x0000000000020d78        0xc d:/devkitpro/devkita64/bin/../lib/gcc/aarch64-none-elf/8.3.0/../../../../aarch64-none-elf/lib/pic\libg.a(lib_a-envlock.o)
                0x0000000000020d78                __env_lock
 *fill*         0x0000000000020d84        0x4 
 .text.__env_unlock
                0x0000000000020d88        0xc d:/devkitpro/devkita64/bin/../lib/gcc/aarch64-none-elf/8.3.0/../../../../aarch64-none-elf/lib/pic\libg.a(lib_a-envlock.o)
                0x0000000000020d88                __env_unlock
 *fill*         0x0000000000020d94        0x4 
 .text.__sflush_r
                0x0000000000020d98      0x214 d:/devkitpro/devkita64/bin/../lib/gcc/aarch64-none-elf/8.3.0/../../../../aarch64-none-elf/lib/pic\libg.a(lib_a-fflush.o)
                0x0000000000020d98                __sflush_r
 *fill*         0x0000000000020fac        0x4 
 .text._fflush_r
                0x0000000000020fb0       0xb8 d:/devkitpro/devkita64/bin/../lib/gcc/aarch64-none-elf/8.3.0/../../../../aarch64-none-elf/lib/pic\libg.a(lib_a-fflush.o)
                0x0000000000020fb0                _fflush_r
 .text.std      0x0000000000021068       0x78 d:/devkitpro/devkita64/bin/../lib/gcc/aarch64-none-elf/8.3.0/../../../../aarch64-none-elf/lib/pic\libg.a(lib_a-findfp.o)
 .text._cleanup_r
                0x00000000000210e0        0xc d:/devkitpro/devkita64/bin/../lib/gcc/aarch64-none-elf/8.3.0/../../../../aarch64-none-elf/lib/pic\libg.a(lib_a-findfp.o)
                0x00000000000210e0                _cleanup_r
 *fill*         0x00000000000210ec        0x4 
 .text.__sfp_lock_acquire
                0x00000000000210f0        0xc d:/devkitpro/devkita64/bin/../lib/gcc/aarch64-none-elf/8.3.0/../../../../aarch64-none-elf/lib/pic\libg.a(lib_a-findfp.o)
                0x00000000000210f0                __sfp_lock_acquire
 *fill*         0x00000000000210fc        0x4 
 .text.__sfp_lock_release
                0x0000000000021100        0xc d:/devkitpro/devkita64/bin/../lib/gcc/aarch64-none-elf/8.3.0/../../../../aarch64-none-elf/lib/pic\libg.a(lib_a-findfp.o)
                0x0000000000021100                __sfp_lock_release
 *fill*         0x000000000002110c        0x4 
 .text.__sinit_lock_acquire
                0x0000000000021110        0xc d:/devkitpro/devkita64/bin/../lib/gcc/aarch64-none-elf/8.3.0/../../../../aarch64-none-elf/lib/pic\libg.a(lib_a-findfp.o)
                0x0000000000021110                __sinit_lock_acquire
 *fill*         0x000000000002111c        0x4 
 .text.__sinit_lock_release
                0x0000000000021120        0xc d:/devkitpro/devkita64/bin/../lib/gcc/aarch64-none-elf/8.3.0/../../../../aarch64-none-elf/lib/pic\libg.a(lib_a-findfp.o)
                0x0000000000021120                __sinit_lock_release
 *fill*         0x000000000002112c        0x4 
 .text.__sinit  0x0000000000021130       0x80 d:/devkitpro/devkita64/bin/../lib/gcc/aarch64-none-elf/8.3.0/../../../../aarch64-none-elf/lib/pic\libg.a(lib_a-findfp.o)
                0x0000000000021130                __sinit
 .text._malloc_trim_r
                0x00000000000211b0      0x118 d:/devkitpro/devkita64/bin/../lib/gcc/aarch64-none-elf/8.3.0/../../../../aarch64-none-elf/lib/pic\libg.a(lib_a-freer.o)
                0x00000000000211b0                _malloc_trim_r
 .text._free_r  0x00000000000212c8      0x2f4 d:/devkitpro/devkita64/bin/../lib/gcc/aarch64-none-elf/8.3.0/../../../../aarch64-none-elf/lib/pic\libg.a(lib_a-freer.o)
                0x00000000000212c8                _free_r
 *fill*         0x00000000000215bc        0x4 
 .text.__sfvwrite_r
                0x00000000000215c0      0x4b8 d:/devkitpro/devkita64/bin/../lib/gcc/aarch64-none-elf/8.3.0/../../../../aarch64-none-elf/lib/pic\libg.a(lib_a-fvwrite.o)
                0x00000000000215c0                __sfvwrite_r
 .text._fwalk_reent
                0x0000000000021a78       0xbc d:/devkitpro/devkita64/bin/../lib/gcc/aarch64-none-elf/8.3.0/../../../../aarch64-none-elf/lib/pic\libg.a(lib_a-fwalk.o)
                0x0000000000021a78                _fwalk_reent
 *fill*         0x0000000000021b34        0x4 
 .text._findenv_r
                0x0000000000021b38      0x100 d:/devkitpro/devkita64/bin/../lib/gcc/aarch64-none-elf/8.3.0/../../../../aarch64-none-elf/lib/pic\libg.a(lib_a-getenv_r.o)
                0x0000000000021b38                _findenv_r
 .text._getenv_r
                0x0000000000021c38       0x18 d:/devkitpro/devkita64/bin/../lib/gcc/aarch64-none-elf/8.3.0/../../../../aarch64-none-elf/lib/pic\libg.a(lib_a-getenv_r.o)
                0x0000000000021c38                _getenv_r
 .text.__gettzinfo
                0x0000000000021c50        0xc d:/devkitpro/devkita64/bin/../lib/gcc/aarch64-none-elf/8.3.0/../../../../aarch64-none-elf/lib/pic\libg.a(lib_a-gettzinfo.o)
                0x0000000000021c50                __gettzinfo
 *fill*         0x0000000000021c5c        0x4 
 .text.iswspace
                0x0000000000021c60        0x8 d:/devkitpro/devkita64/bin/../lib/gcc/aarch64-none-elf/8.3.0/../../../../aarch64-none-elf/lib/pic\libg.a(lib_a-iswspace.o)
                0x0000000000021c60                iswspace
 .text.labs     0x0000000000021c68        0xc d:/devkitpro/devkita64/bin/../lib/gcc/aarch64-none-elf/8.3.0/../../../../aarch64-none-elf/lib/pic\libg.a(lib_a-labs.o)
                0x0000000000021c68                labs
 *fill*         0x0000000000021c74        0x4 
 .text.__localeconv_l
                0x0000000000021c78        0x8 d:/devkitpro/devkita64/bin/../lib/gcc/aarch64-none-elf/8.3.0/../../../../aarch64-none-elf/lib/pic\libg.a(lib_a-localeconv.o)
                0x0000000000021c78                __localeconv_l
 .text._localeconv_r
                0x0000000000021c80       0x28 d:/devkitpro/devkita64/bin/../lib/gcc/aarch64-none-elf/8.3.0/../../../../aarch64-none-elf/lib/pic\libg.a(lib_a-localeconv.o)
                0x0000000000021c80                _localeconv_r
 .text.__locale_mb_cur_max
                0x0000000000021ca8       0x2c d:/devkitpro/devkita64/bin/../lib/gcc/aarch64-none-elf/8.3.0/../../../../aarch64-none-elf/lib/pic\libg.a(lib_a-locale.o)
                0x0000000000021ca8                __locale_mb_cur_max
 *fill*         0x0000000000021cd4        0x4 
 .text.__swhatbuf_r
                0x0000000000021cd8       0xa4 d:/devkitpro/devkita64/bin/../lib/gcc/aarch64-none-elf/8.3.0/../../../../aarch64-none-elf/lib/pic\libg.a(lib_a-makebuf.o)
                0x0000000000021cd8                __swhatbuf_r
 *fill*         0x0000000000021d7c        0x4 
 .text.__smakebuf_r
                0x0000000000021d80      0x10c d:/devkitpro/devkita64/bin/../lib/gcc/aarch64-none-elf/8.3.0/../../../../aarch64-none-elf/lib/pic\libg.a(lib_a-makebuf.o)
                0x0000000000021d80                __smakebuf_r
 *fill*         0x0000000000021e8c        0x4 
 .text._mbrtowc_r
                0x0000000000021e90       0xd8 d:/devkitpro/devkita64/bin/../lib/gcc/aarch64-none-elf/8.3.0/../../../../aarch64-none-elf/lib/pic\libg.a(lib_a-mbrtowc.o)
                0x0000000000021e90                _mbrtowc_r
 .text.__utf8_mbtowc
                0x0000000000021f68      0x2c8 d:/devkitpro/devkita64/bin/../lib/gcc/aarch64-none-elf/8.3.0/../../../../aarch64-none-elf/lib/pic\libg.a(lib_a-mbtowc_r.o)
                0x0000000000021f68                __utf8_mbtowc
 *fill*         0x0000000000022230       0x10 
 .text          0x0000000000022240       0xac d:/devkitpro/devkita64/bin/../lib/gcc/aarch64-none-elf/8.3.0/../../../../aarch64-none-elf/lib/pic\libg.a(lib_a-memmove.o)
                0x0000000000022240                memmove
 *fill*         0x00000000000222ec        0x4 